Component: ARM Compiler 5.05 update 2 (build 169) Tool: armlink [4d0f33]

==============================================================================

Section Cross References

    startup_stm32f107xc.o(RESET) refers to startup_stm32f107xc.o(STACK) for __initial_sp
    startup_stm32f107xc.o(RESET) refers to startup_stm32f107xc.o(.text) for Reset_Handler
    startup_stm32f107xc.o(RESET) refers to stm32f1xx_it.o(i.NMI_Handler) for NMI_Handler
    startup_stm32f107xc.o(RESET) refers to stm32f1xx_it.o(i.HardFault_Handler) for HardFault_Handler
    startup_stm32f107xc.o(RESET) refers to stm32f1xx_it.o(i.MemManage_Handler) for MemManage_Handler
    startup_stm32f107xc.o(RESET) refers to stm32f1xx_it.o(i.BusFault_Handler) for BusFault_Handler
    startup_stm32f107xc.o(RESET) refers to stm32f1xx_it.o(i.UsageFault_Handler) for UsageFault_Handler
    startup_stm32f107xc.o(RESET) refers to stm32f1xx_it.o(i.SVC_Handler) for SVC_Handler
    startup_stm32f107xc.o(RESET) refers to stm32f1xx_it.o(i.DebugMon_Handler) for DebugMon_Handler
    startup_stm32f107xc.o(RESET) refers to stm32f1xx_it.o(i.PendSV_Handler) for PendSV_Handler
    startup_stm32f107xc.o(RESET) refers to stm32f1xx_it.o(i.SysTick_Handler) for SysTick_Handler
    startup_stm32f107xc.o(RESET) refers to stm32f1xx_it.o(i.TIM2_IRQHandler) for TIM2_IRQHandler
    startup_stm32f107xc.o(RESET) refers to stm32f1xx_it.o(i.USART1_IRQHandler) for USART1_IRQHandler
    startup_stm32f107xc.o(RESET) refers to stm32f1xx_it.o(i.USART2_IRQHandler) for USART2_IRQHandler
    startup_stm32f107xc.o(RESET) refers to stm32f1xx_it.o(i.UART4_IRQHandler) for UART4_IRQHandler
    startup_stm32f107xc.o(RESET) refers to stm32f1xx_it.o(i.UART5_IRQHandler) for UART5_IRQHandler
    startup_stm32f107xc.o(RESET) refers to stm32f1xx_it.o(i.TIM6_IRQHandler) for TIM6_IRQHandler
    startup_stm32f107xc.o(.text) refers to system_stm32f1xx.o(i.SystemInit) for SystemInit
    startup_stm32f107xc.o(.text) refers to entry.o(.ARM.Collect$$$$00000000) for __main
    commandinterpreter.o(.data) refers to commandinterpreter.o(.conststring) for .conststring
    commandinterpreter.o(.data) refers to commandinterpreter.o(i.cmd_GET_CGDCONT) for cmd_GET_CGDCONT
    atcommands.o(.data) refers to atcommands.o(.conststring) for .conststring
    main.o(i.HAL_SYSTICK_Callback) refers to main.o(.data) for .data
    main.o(i.HAL_TIM_PeriodElapsedCallback) refers to stm32f1xx_hal_gpio.o(i.HAL_GPIO_WritePin) for HAL_GPIO_WritePin
    main.o(i.HAL_TIM_PeriodElapsedCallback) refers to main.o(.data) for .data
    main.o(i.HAL_UART_RxCpltCallback) refers to stm32f1xx_hal_uart.o(i.HAL_UART_Receive_IT) for HAL_UART_Receive_IT
    main.o(i.HAL_UART_RxCpltCallback) refers to main.o(.data) for .data
    main.o(i.HAL_UART_RxCpltCallback) refers to main.o(.bss) for .bss
    main.o(i.MX_ADC1_Init) refers to stm32f1xx_hal_adc.o(i.HAL_ADC_Init) for HAL_ADC_Init
    main.o(i.MX_ADC1_Init) refers to stm32f1xx_hal_adc.o(i.HAL_ADC_ConfigChannel) for HAL_ADC_ConfigChannel
    main.o(i.MX_ADC1_Init) refers to main.o(.bss) for .bss
    main.o(i.MX_GPIO_Init) refers to stm32f1xx_hal_gpio.o(i.HAL_GPIO_WritePin) for HAL_GPIO_WritePin
    main.o(i.MX_GPIO_Init) refers to stm32f1xx_hal_gpio.o(i.HAL_GPIO_Init) for HAL_GPIO_Init
    main.o(i.SystemClock_Config) refers to memseta.o(.text) for __aeabi_memclr4
    main.o(i.SystemClock_Config) refers to stm32f1xx_hal_rcc.o(i.HAL_RCC_OscConfig) for HAL_RCC_OscConfig
    main.o(i.SystemClock_Config) refers to stm32f1xx_hal_rcc.o(i.HAL_RCC_ClockConfig) for HAL_RCC_ClockConfig
    main.o(i.SystemClock_Config) refers to stm32f1xx_hal_rcc_ex.o(i.HAL_RCCEx_PeriphCLKConfig) for HAL_RCCEx_PeriphCLKConfig
    main.o(i.UX_GPIO_Init) refers to stm32f1xx_hal_gpio.o(i.HAL_GPIO_WritePin) for HAL_GPIO_WritePin
    main.o(i.UX_GPIO_Init) refers to stm32f1xx_hal_gpio.o(i.HAL_GPIO_Init) for HAL_GPIO_Init
    main.o(i.fputc) refers to stm32f1xx_hal_uart.o(i.HAL_UART_Transmit) for HAL_UART_Transmit
    main.o(i.fputc) refers to main.o(.data) for .data
    main.o(i.main) refers to stm32f1xx_hal.o(i.HAL_Init) for HAL_Init
    main.o(i.main) refers to stm32f1xx_hal_iwdg.o(i.HAL_IWDG_Init) for HAL_IWDG_Init
    main.o(i.main) refers to main.o(i.SystemClock_Config) for SystemClock_Config
    main.o(i.main) refers to main.o(i.MX_GPIO_Init) for MX_GPIO_Init
    main.o(i.main) refers to main.o(i.MX_ADC1_Init) for MX_ADC1_Init
    main.o(i.main) refers to stm32f1xx_hal_uart.o(i.HAL_UART_Init) for HAL_UART_Init
    main.o(i.main) refers to stm32f1xx_hal_tim.o(i.HAL_TIM_Base_Init) for HAL_TIM_Base_Init
    main.o(i.main) refers to stm32f1xx_hal_tim_ex.o(i.HAL_TIMEx_MasterConfigSynchronization) for HAL_TIMEx_MasterConfigSynchronization
    main.o(i.main) refers to main.o(i.UX_GPIO_Init) for UX_GPIO_Init
    main.o(i.main) refers to printf8.o(i.__0printf$8) for __2printf
    main.o(i.main) refers to stm32f1xx_hal_uart.o(i.HAL_UART_Receive_IT) for HAL_UART_Receive_IT
[...]
    Removing stm32f1xx_hal_gpio.o(i.HAL_GPIO_ReadPin), (10 bytes).
    Removing stm32f1xx_hal_dma.o(.rev16_text), (4 bytes).
    Removing stm32f1xx_hal_dma.o(.revsh_text), (4 bytes).
    Removing stm32f1xx_hal_dma.o(.rrx_text), (6 bytes).
    Removing stm32f1xx_hal_dma.o(i.DMA_SetConfig), (42 bytes).
    Removing stm32f1xx_hal_dma.o(i.HAL_DMA_Abort), (70 bytes).
    Removing stm32f1xx_hal_dma.o(i.HAL_DMA_DeInit), (128 bytes).
    Removing stm32f1xx_hal_dma.o(i.HAL_DMA_GetError), (4 bytes).
    Removing stm32f1xx_hal_dma.o(i.HAL_DMA_GetState), (6 bytes).
    Removing stm32f1xx_hal_dma.o(i.HAL_DMA_IRQHandler), (584 bytes).
    Removing stm32f1xx_hal_dma.o(i.HAL_DMA_Init), (124 bytes).
    Removing stm32f1xx_hal_dma.o(i.HAL_DMA_PollForTransfer), (988 bytes).
    Removing stm32f1xx_hal_dma.o(i.HAL_DMA_RegisterCallback), (74 bytes).
    Removing stm32f1xx_hal_dma.o(i.HAL_DMA_Start), (80 bytes).
    Removing stm32f1xx_hal_dma.o(i.HAL_DMA_Start_IT), (112 bytes).
    Removing stm32f1xx_hal_dma.o(i.HAL_DMA_UnRegisterCallback), (82 bytes).
    Removing stm32f1xx_hal_cortex.o(.rev16_text), (4 bytes).
    Removing stm32f1xx_hal_cortex.o(.revsh_text), (4 bytes).
    Removing stm32f1xx_hal_cortex.o(.rrx_text), (6 bytes).
    Removing stm32f1xx_hal_cortex.o(i.HAL_NVIC_ClearPendingIRQ), (26 bytes).
    Removing stm32f1xx_hal_cortex.o(i.HAL_NVIC_DisableIRQ), (34 bytes).
    Removing stm32f1xx_hal_cortex.o(i.HAL_NVIC_GetActive), (36 bytes).
    Removing stm32f1xx_hal_cortex.o(i.HAL_NVIC_GetPendingIRQ), (36 bytes).
    Removing stm32f1xx_hal_cortex.o(i.HAL_NVIC_GetPriority), (82 bytes).
    Removing stm32f1xx_hal_cortex.o(i.HAL_NVIC_GetPriorityGrouping), (16 bytes).
    Removing stm32f1xx_hal_cortex.o(i.HAL_NVIC_SetPendingIRQ), (26 bytes).
    Removing stm32f1xx_hal_cortex.o(i.HAL_NVIC_SystemReset), (36 bytes).
    Removing stm32f1xx_hal_cortex.o(i.HAL_SYSTICK_CLKSourceConfig), (24 bytes).
    Removing stm32f1xx_hal_cortex.o(i.HAL_SYSTICK_Callback), (2 bytes).
    Removing stm32f1xx_hal_pwr.o(.rev16_text), (4 bytes).
    Removing stm32f1xx_hal_pwr.o(.revsh_text), (4 bytes).
    Removing stm32f1xx_hal_pwr.o(.rrx_text), (6 bytes).
    Removing stm32f1xx_hal_pwr.o(i.HAL_PWR_ConfigPVD), (124 bytes).
    Removing stm32f1xx_hal_pwr.o(i.HAL_PWR_DeInit), (24 bytes).
    Removing stm32f1xx_hal_pwr.o(i.HAL_PWR_DisableBkUpAccess), (12 bytes).
    Removing stm32f1xx_hal_pwr.o(i.HAL_PWR_DisablePVD), (12 bytes).
    Removing stm32f1xx_hal_pwr.o(i.HAL_PWR_DisableSEVOnPend), (16 bytes).
    Removing stm32f1xx_hal_pwr.o(i.HAL_PWR_DisableSleepOnExit), (16 bytes).
    Removing stm32f1xx_hal_pwr.o(i.HAL_PWR_DisableWakeUpPin), (28 bytes).
    Removing stm32f1xx_hal_pwr.o(i.HAL_PWR_EnableBkUpAccess), (12 bytes).
    Removing stm32f1xx_hal_pwr.o(i.HAL_PWR_EnablePVD), (12 bytes).
    Removing stm32f1xx_hal_pwr.o(i.HAL_PWR_EnableSEVOnPend), (16 bytes).
    Removing stm32f1xx_hal_pwr.o(i.HAL_PWR_EnableSleepOnExit), (16 bytes).
    Removing stm32f1xx_hal_pwr.o(i.HAL_PWR_EnableWakeUpPin), (28 bytes).
    Removing stm32f1xx_hal_pwr.o(i.HAL_PWR_EnterSLEEPMode), (32 bytes).
    Removing stm32f1xx_hal_pwr.o(i.HAL_PWR_EnterSTANDBYMode), (32 bytes).
    Removing stm32f1xx_hal_pwr.o(i.HAL_PWR_EnterSTOPMode), (68 bytes).
    Removing stm32f1xx_hal_pwr.o(i.HAL_PWR_PVDCallback), (2 bytes).
    Removing stm32f1xx_hal_pwr.o(i.HAL_PWR_PVD_IRQHandler), (28 bytes).
    Removing stm32f1xx_hal_pwr.o(i.PWR_OverloadWfe), (6 bytes).
    Removing stm32f1xx_hal_flash.o(.rev16_text), (4 bytes).
    Removing stm32f1xx_hal_flash.o(.revsh_text), (4 bytes).
    Removing stm32f1xx_hal_flash.o(.rrx_text), (6 bytes).
    Removing stm32f1xx_hal_flash.o(i.FLASH_Program_HalfWord), (28 bytes).
    Removing stm32f1xx_hal_flash.o(i.FLASH_SetErrorCode), (92 bytes).
    Removing stm32f1xx_hal_flash.o(i.FLASH_WaitForLastOperation), (84 bytes).
    Removing stm32f1xx_hal_flash.o(i.HAL_FLASH_EndOfOperationCallback), (2 bytes).
    Removing stm32f1xx_hal_flash.o(i.HAL_FLASH_GetError), (12 bytes).
    Removing stm32f1xx_hal_flash.o(i.HAL_FLASH_IRQHandler), (260 bytes).
    Removing stm32f1xx_hal_flash.o(i.HAL_FLASH_Lock), (20 bytes).
    Removing stm32f1xx_hal_flash.o(i.HAL_FLASH_OB_Launch), (4 bytes).
    Removing stm32f1xx_hal_flash.o(i.HAL_FLASH_OB_Lock), (20 bytes).
    Removing stm32f1xx_hal_flash.o(i.HAL_FLASH_OB_Unlock), (36 bytes).
    Removing stm32f1xx_hal_flash.o(i.HAL_FLASH_OperationErrorCallback), (2 bytes).
    Removing stm32f1xx_hal_flash.o(i.HAL_FLASH_Program), (128 bytes).
    Removing stm32f1xx_hal_flash.o(i.HAL_FLASH_Program_IT), (100 bytes).
    Removing stm32f1xx_hal_flash.o(i.HAL_FLASH_Unlock), (40 bytes).
    Removing stm32f1xx_hal_flash.o(.bss), (32 bytes).
    Removing stm32f1xx_hal_flash_ex.o(.rev16_text), (4 bytes).
    Removing stm32f1xx_hal_flash_ex.o(.revsh_text), (4 bytes).
    Removing stm32f1xx_hal_flash_ex.o(.rrx_text), (6 bytes).
    Removing stm32f1xx_hal_flash_ex.o(i.FLASH_MassErase), (36 bytes).
    Removing stm32f1xx_hal_flash_ex.o(i.FLASH_OB_DisableWRP), (176 bytes).
    Removing stm32f1xx_hal_flash_ex.o(i.FLASH_OB_EnableWRP), (176 bytes).
    Removing stm32f1xx_hal_flash_ex.o(i.FLASH_OB_GetRDP), (24 bytes).
    Removing stm32f1xx_hal_flash_ex.o(i.FLASH_OB_RDP_LevelConfig), (100 bytes).
    Removing stm32f1xx_hal_flash_ex.o(i.FLASH_PageErase), (36 bytes).
    Removing stm32f1xx_hal_flash_ex.o(i.HAL_FLASHEx_Erase), (168 bytes).
    Removing stm32f1xx_hal_flash_ex.o(i.HAL_FLASHEx_Erase_IT), (84 bytes).
    Removing stm32f1xx_hal_flash_ex.o(i.HAL_FLASHEx_OBErase), (84 bytes).
    Removing stm32f1xx_hal_flash_ex.o(i.HAL_FLASHEx_OBGetConfig), (36 bytes).
    Removing stm32f1xx_hal_flash_ex.o(i.HAL_FLASHEx_OBGetUserData), (32 bytes).
    Removing stm32f1xx_hal_flash_ex.o(i.HAL_FLASHEx_OBProgram), (200 bytes).
    Removing stm32f1xx_hal_exti.o(.rev16_text), (4 bytes).
    Removing stm32f1xx_hal_exti.o(.revsh_text), (4 bytes).
    Removing stm32f1xx_hal_exti.o(.rrx_text), (6 bytes).
    Removing stm32f1xx_hal_exti.o(i.HAL_EXTI_ClearConfigLine), (104 bytes).
    Removing stm32f1xx_hal_exti.o(i.HAL_EXTI_ClearPending), (20 bytes).
    Removing stm32f1xx_hal_exti.o(i.HAL_EXTI_GenerateSWI), (20 bytes).
    Removing stm32f1xx_hal_exti.o(i.HAL_EXTI_GetConfigLine), (152 bytes).
    Removing stm32f1xx_hal_exti.o(i.HAL_EXTI_GetHandle), (12 bytes).
    Removing stm32f1xx_hal_exti.o(i.HAL_EXTI_GetPending), (24 bytes).
    Removing stm32f1xx_hal_exti.o(i.HAL_EXTI_IRQHandler), (36 bytes).
    Removing stm32f1xx_hal_exti.o(i.HAL_EXTI_RegisterCallback), (14 bytes).
    Removing stm32f1xx_hal_exti.o(i.HAL_EXTI_SetConfigLine), (164 bytes).
    Removing stm32f1xx_hal_iwdg.o(.rev16_text), (4 bytes).
    Removing stm32f1xx_hal_iwdg.o(.revsh_text), (4 bytes).
    Removing stm32f1xx_hal_iwdg.o(.rrx_text), (6 bytes).
    Removing stm32f1xx_hal_tim.o(.rev16_text), (4 bytes).
    Removing stm32f1xx_hal_tim.o(.revsh_text), (4 bytes).
    Removing stm32f1xx_hal_tim.o(.rrx_text), (6 bytes).
    Removing stm32f1xx_hal_tim.o(i.HAL_TIM_Base_DeInit), (56 bytes).
    Removing stm32f1xx_hal_tim.o(i.HAL_TIM_Base_GetState), (6 bytes).
    Removing stm32f1xx_hal_tim.o(i.HAL_TIM_Base_MspDeInit), (2 bytes).
    Removing stm32f1xx_hal_tim.o(i.HAL_TIM_Base_MspInit), (2 bytes).
    Removing stm32f1xx_hal_tim.o(i.HAL_TIM_Base_Start), (36 bytes).
    Removing stm32f1xx_hal_tim.o(i.HAL_TIM_Base_Start_DMA), (116 bytes).
    Removing stm32f1xx_hal_tim.o(i.HAL_TIM_Base_Stop), (44 bytes).
    Removing stm32f1xx_hal_tim.o(i.HAL_TIM_Base_Stop_DMA), (58 bytes).
    Removing stm32f1xx_hal_tim.o(i.HAL_TIM_Base_Stop_IT), (42 bytes).
    Removing stm32f1xx_hal_tim.o(i.HAL_TIM_ConfigClockSource), (214 bytes).
    Removing stm32f1xx_hal_tim.o(i.HAL_TIM_ConfigOCrefClear), (210 bytes).
    Removing stm32f1xx_hal_tim.o(i.HAL_TIM_ConfigTI1Input), (16 bytes).
    Removing stm32f1xx_hal_tim.o(i.HAL_TIM_DMABurst_ReadStart), (336 bytes).
    Removing stm32f1xx_hal_tim.o(i.HAL_TIM_DMABurst_ReadStop), (100 bytes).
    Removing stm32f1xx_hal_tim.o(i.HAL_TIM_DMABurst_WriteStart), (336 bytes).
    Removing stm32f1xx_hal_tim.o(i.HAL_TIM_DMABurst_WriteStop), (100 bytes).
    Removing stm32f1xx_hal_tim.o(i.HAL_TIM_Encoder_DeInit), (56 bytes).
    Removing stm32f1xx_hal_tim.o(i.HAL_TIM_Encoder_GetState), (6 bytes).
    Removing stm32f1xx_hal_tim.o(i.HAL_TIM_Encoder_Init), (152 bytes).
    Removing stm32f1xx_hal_tim.o(i.HAL_TIM_Encoder_MspDeInit), (2 bytes).
    Removing stm32f1xx_hal_tim.o(i.HAL_TIM_Encoder_MspInit), (2 bytes).
    Removing stm32f1xx_hal_tim.o(i.HAL_TIM_Encoder_Start), (52 bytes).
    Removing stm32f1xx_hal_tim.o(i.HAL_TIM_Encoder_Start_DMA), (312 bytes).
    Removing stm32f1xx_hal_tim.o(i.HAL_TIM_Encoder_Start_IT), (92 bytes).
    Removing stm32f1xx_hal_tim.o(i.HAL_TIM_Encoder_Stop), (70 bytes).
    Removing stm32f1xx_hal_tim.o(i.HAL_TIM_Encoder_Stop_DMA), (144 bytes).
    Removing stm32f1xx_hal_tim.o(i.HAL_TIM_Encoder_Stop_IT), (116 bytes).
    Removing stm32f1xx_hal_tim.o(i.HAL_TIM_ErrorCallback), (2 bytes).
    Removing stm32f1xx_hal_tim.o(i.HAL_TIM_GenerateEvent), (38 bytes).
    Removing stm32f1xx_hal_tim.o(i.HAL_TIM_IC_CaptureHalfCpltCallback), (2 bytes).
    Removing stm32f1xx_hal_tim.o(i.HAL_TIM_IC_ConfigChannel), (282 bytes).
    Removing stm32f1xx_hal_tim.o(i.HAL_TIM_IC_DeInit), (56 bytes).
    Removing stm32f1xx_hal_tim.o(i.HAL_TIM_IC_GetState), (6 bytes).
    Removing stm32f1xx_hal_tim.o(i.HAL_TIM_IC_Init), (54 bytes).
    Removing stm32f1xx_hal_tim.o(i.HAL_TIM_IC_MspDeInit), (2 bytes).
    Removing stm32f1xx_hal_tim.o(i.HAL_TIM_IC_MspInit), (2 bytes).
    Removing stm32f1xx_hal_tim.o(i.HAL_TIM_IC_Start), (36 bytes).
    Removing stm32f1xx_hal_tim.o(i.HAL_TIM_IC_Start_DMA), (248 bytes).
    Removing stm32f1xx_hal_tim.o(i.HAL_TIM_IC_Start_IT), (86 bytes).
    Removing stm32f1xx_hal_tim.o(i.HAL_TIM_IC_Stop), (44 bytes).
    Removing stm32f1xx_hal_tim.o(i.HAL_TIM_IC_Stop_DMA), (122 bytes).
    Removing stm32f1xx_hal_tim.o(i.HAL_TIM_IC_Stop_IT), (94 bytes).
    Removing stm32f1xx_hal_tim.o(i.HAL_TIM_OC_ConfigChannel), (86 bytes).
    Removing stm32f1xx_hal_tim.o(i.HAL_TIM_OC_DeInit), (56 bytes).
    Removing stm32f1xx_hal_tim.o(i.HAL_TIM_OC_GetState), (6 bytes).
    Removing stm32f1xx_hal_tim.o(i.HAL_TIM_OC_Init), (54 bytes).
    Removing stm32f1xx_hal_tim.o(i.HAL_TIM_OC_MspDeInit), (2 bytes).
    Removing stm32f1xx_hal_tim.o(i.HAL_TIM_OC_MspInit), (2 bytes).
    Removing stm32f1xx_hal_tim.o(i.HAL_TIM_OC_Start), (56 bytes).
    Removing stm32f1xx_hal_tim.o(i.HAL_TIM_OC_Start_DMA), (280 bytes).
    Removing stm32f1xx_hal_tim.o(i.HAL_TIM_OC_Start_IT), (108 bytes).
    Removing stm32f1xx_hal_tim.o(i.HAL_TIM_OC_Stop), (76 bytes).
    Removing stm32f1xx_hal_tim.o(i.HAL_TIM_OC_Stop_DMA), (156 bytes).
    Removing stm32f1xx_hal_tim.o(i.HAL_TIM_OC_Stop_IT), (128 bytes).
    Removing stm32f1xx_hal_tim.o(i.HAL_TIM_OnePulse_ConfigChannel), (218 bytes).
    Removing stm32f1xx_hal_tim.o(i.HAL_TIM_OnePulse_DeInit), (56 bytes).
    Removing stm32f1xx_hal_tim.o(i.HAL_TIM_OnePulse_GetState), (6 bytes).
    Removing stm32f1xx_hal_tim.o(i.HAL_TIM_OnePulse_Init), (74 bytes).
    Removing stm32f1xx_hal_tim.o(i.HAL_TIM_OnePulse_MspDeInit), (2 bytes).
    Removing stm32f1xx_hal_tim.o(i.HAL_TIM_OnePulse_MspInit), (2 bytes).
    Removing stm32f1xx_hal_tim.o(i.HAL_TIM_OnePulse_Start), (48 bytes).
    Removing stm32f1xx_hal_tim.o(i.HAL_TIM_OnePulse_Start_IT), (68 bytes).
    Removing stm32f1xx_hal_tim.o(i.HAL_TIM_OnePulse_Stop), (88 bytes).
    Removing stm32f1xx_hal_tim.o(i.HAL_TIM_OnePulse_Stop_IT), (108 bytes).
    Removing stm32f1xx_hal_tim.o(i.HAL_TIM_PWM_ConfigChannel), (208 bytes).
    Removing stm32f1xx_hal_tim.o(i.HAL_TIM_PWM_DeInit), (56 bytes).
    Removing stm32f1xx_hal_tim.o(i.HAL_TIM_PWM_GetState), (6 bytes).
    Removing stm32f1xx_hal_tim.o(i.HAL_TIM_PWM_Init), (54 bytes).
    Removing stm32f1xx_hal_tim.o(i.HAL_TIM_PWM_MspDeInit), (2 bytes).
    Removing stm32f1xx_hal_tim.o(i.HAL_TIM_PWM_MspInit), (2 bytes).
    Removing stm32f1xx_hal_tim.o(i.HAL_TIM_PWM_PulseFinishedHalfCpltCallback), (2 bytes).
    Removing stm32f1xx_hal_tim.o(i.HAL_TIM_PWM_Start), (56 bytes).
    Removing stm32f1xx_hal_tim.o(i.HAL_TIM_PWM_Start_DMA), (280 bytes).
    Removing stm32f1xx_hal_tim.o(i.HAL_TIM_PWM_Start_IT), (108 bytes).
    Removing stm32f1xx_hal_tim.o(i.HAL_TIM_PWM_Stop), (84 bytes).
    Removing stm32f1xx_hal_tim.o(i.HAL_TIM_PWM_Stop_DMA), (156 bytes).
    Removing stm32f1xx_hal_tim.o(i.HAL_TIM_PWM_Stop_IT), (128 bytes).
    Removing stm32f1xx_hal_tim.o(i.HAL_TIM_PeriodElapsedCallback), (2 bytes).
    Removing stm32f1xx_hal_tim.o(i.HAL_TIM_PeriodElapsedHalfCpltCallback), (2 bytes).
    Removing stm32f1xx_hal_tim.o(i.HAL_TIM_ReadCapturedValue), (42 bytes).
    Removing stm32f1xx_hal_tim.o(i.HAL_TIM_SlaveConfigSynchro), (86 bytes).
    Removing stm32f1xx_hal_tim.o(i.HAL_TIM_SlaveConfigSynchro_IT), (86 bytes).
    Removing stm32f1xx_hal_tim.o(i.HAL_TIM_TriggerHalfCpltCallback), (2 bytes).
    Removing stm32f1xx_hal_tim.o(i.TIM_CCxChannelCmd), (26 bytes).
    Removing stm32f1xx_hal_tim.o(i.TIM_DMACaptureCplt), (62 bytes).
    Removing stm32f1xx_hal_tim.o(i.TIM_DMACaptureHalfCplt), (62 bytes).
    Removing stm32f1xx_hal_tim.o(i.TIM_DMADelayPulseCplt), (62 bytes).
    Removing stm32f1xx_hal_tim.o(i.TIM_DMADelayPulseHalfCplt), (62 bytes).
    Removing stm32f1xx_hal_tim.o(i.TIM_DMAError), (16 bytes).
    Removing stm32f1xx_hal_tim.o(i.TIM_DMAPeriodElapsedCplt), (16 bytes).
    Removing stm32f1xx_hal_tim.o(i.TIM_DMAPeriodElapsedHalfCplt), (16 bytes).
    Removing stm32f1xx_hal_tim.o(i.TIM_DMATriggerCplt), (16 bytes).
    Removing stm32f1xx_hal_tim.o(i.TIM_DMATriggerHalfCplt), (16 bytes).
    Removing stm32f1xx_hal_tim.o(i.TIM_ETR_SetConfig), (20 bytes).
    Removing stm32f1xx_hal_tim.o(i.TIM_ITRx_SetConfig), (16 bytes).
    Removing stm32f1xx_hal_tim.o(i.TIM_OC1_SetConfig), (80 bytes).
    Removing stm32f1xx_hal_tim.o(i.TIM_OC2_SetConfig), (88 bytes).
    Removing stm32f1xx_hal_tim.o(i.TIM_OC3_SetConfig), (88 bytes).
    Removing stm32f1xx_hal_tim.o(i.TIM_OC4_SetConfig), (68 bytes).
    Removing stm32f1xx_hal_tim.o(i.TIM_SlaveTimer_SetConfig), (134 bytes).
    Removing stm32f1xx_hal_tim.o(i.TIM_TI1_ConfigInputStage), (34 bytes).
    Removing stm32f1xx_hal_tim.o(i.TIM_TI1_SetConfig), (100 bytes).
    Removing stm32f1xx_hal_tim.o(i.TIM_TI2_ConfigInputStage), (36 bytes).
    Removing stm32f1xx_hal_tim.o(i.TIM_TI2_SetConfig), (54 bytes).
    Removing stm32f1xx_hal_tim_ex.o(.rev16_text), (4 bytes).
    Removing stm32f1xx_hal_tim_ex.o(.revsh_text), (4 bytes).
    Removing stm32f1xx_hal_tim_ex.o(.rrx_text), (6 bytes).
    Removing stm32f1xx_hal_tim_ex.o(i.HAL_TIMEx_CommutHalfCpltCallback), (2 bytes).
    Removing stm32f1xx_hal_tim_ex.o(i.HAL_TIMEx_ConfigBreakDeadTime), (84 bytes).
    Removing stm32f1xx_hal_tim_ex.o(i.HAL_TIMEx_ConfigCommutEvent), (112 bytes).
    Removing stm32f1xx_hal_tim_ex.o(i.HAL_TIMEx_ConfigCommutEvent_DMA), (144 bytes).
    Removing stm32f1xx_hal_tim_ex.o(i.HAL_TIMEx_ConfigCommutEvent_IT), (112 bytes).
    Removing stm32f1xx_hal_tim_ex.o(i.HAL_TIMEx_HallSensor_DeInit), (56 bytes).
    Removing stm32f1xx_hal_tim_ex.o(i.HAL_TIMEx_HallSensor_GetState), (6 bytes).
    Removing stm32f1xx_hal_tim_ex.o(i.HAL_TIMEx_HallSensor_Init), (188 bytes).
    Removing stm32f1xx_hal_tim_ex.o(i.HAL_TIMEx_HallSensor_MspDeInit), (2 bytes).
    Removing stm32f1xx_hal_tim_ex.o(i.HAL_TIMEx_HallSensor_MspInit), (2 bytes).
    Removing stm32f1xx_hal_tim_ex.o(i.HAL_TIMEx_HallSensor_Start), (38 bytes).
    Removing stm32f1xx_hal_tim_ex.o(i.HAL_TIMEx_HallSensor_Start_DMA), (128 bytes).
    Removing stm32f1xx_hal_tim_ex.o(i.HAL_TIMEx_HallSensor_Start_IT), (48 bytes).
    Removing stm32f1xx_hal_tim_ex.o(i.HAL_TIMEx_HallSensor_Stop), (46 bytes).
    Removing stm32f1xx_hal_tim_ex.o(i.HAL_TIMEx_HallSensor_Stop_DMA), (62 bytes).
    Removing stm32f1xx_hal_tim_ex.o(i.HAL_TIMEx_HallSensor_Stop_IT), (56 bytes).
    Removing stm32f1xx_hal_tim_ex.o(i.HAL_TIMEx_OCN_Start), (46 bytes).
    Removing stm32f1xx_hal_tim_ex.o(i.HAL_TIMEx_OCN_Start_DMA), (228 bytes).
    Removing stm32f1xx_hal_tim_ex.o(i.HAL_TIMEx_OCN_Start_IT), (94 bytes).
    Removing stm32f1xx_hal_tim_ex.o(i.HAL_TIMEx_OCN_Stop), (68 bytes).
    Removing stm32f1xx_hal_tim_ex.o(i.HAL_TIMEx_OCN_Stop_DMA), (130 bytes).
    Removing stm32f1xx_hal_tim_ex.o(i.HAL_TIMEx_OCN_Stop_IT), (122 bytes).
    Removing stm32f1xx_hal_tim_ex.o(i.HAL_TIMEx_OnePulseN_Start), (26 bytes).
    Removing stm32f1xx_hal_tim_ex.o(i.HAL_TIMEx_OnePulseN_Start_IT), (46 bytes).
    Removing stm32f1xx_hal_tim_ex.o(i.HAL_TIMEx_OnePulseN_Stop), (68 bytes).
    Removing stm32f1xx_hal_tim_ex.o(i.HAL_TIMEx_OnePulseN_Stop_IT), (88 bytes).
    Removing stm32f1xx_hal_tim_ex.o(i.HAL_TIMEx_PWMN_Start), (46 bytes).
    Removing stm32f1xx_hal_tim_ex.o(i.HAL_TIMEx_PWMN_Start_DMA), (228 bytes).
    Removing stm32f1xx_hal_tim_ex.o(i.HAL_TIMEx_PWMN_Start_IT), (94 bytes).
    Removing stm32f1xx_hal_tim_ex.o(i.HAL_TIMEx_PWMN_Stop), (68 bytes).
    Removing stm32f1xx_hal_tim_ex.o(i.HAL_TIMEx_PWMN_Stop_DMA), (130 bytes).
    Removing stm32f1xx_hal_tim_ex.o(i.HAL_TIMEx_PWMN_Stop_IT), (122 bytes).
    Removing stm32f1xx_hal_tim_ex.o(i.HAL_TIMEx_RemapConfig), (4 bytes).
    Removing stm32f1xx_hal_tim_ex.o(i.TIMEx_DMACommutationCplt), (16 bytes).
    Removing stm32f1xx_hal_tim_ex.o(i.TIMEx_DMACommutationHalfCplt), (16 bytes).
    Removing stm32f1xx_hal_tim_ex.o(i.TIM_CCxNChannelCmd), (26 bytes).
    Removing stm32f1xx_hal_uart.o(.rev16_text), (4 bytes).
    Removing stm32f1xx_hal_uart.o(.revsh_text), (4 bytes).
    Removing stm32f1xx_hal_uart.o(.rrx_text), (6 bytes).
    Removing stm32f1xx_hal_uart.o(i.HAL_HalfDuplex_EnableReceiver), (50 bytes).
    Removing stm32f1xx_hal_uart.o(i.HAL_HalfDuplex_EnableTransmitter), (50 bytes).
    Removing stm32f1xx_hal_uart.o(i.HAL_HalfDuplex_Init), (108 bytes).
    Removing stm32f1xx_hal_uart.o(i.HAL_LIN_Init), (128 bytes).
    Removing stm32f1xx_hal_uart.o(i.HAL_LIN_SendBreak), (46 bytes).
    Removing stm32f1xx_hal_uart.o(i.HAL_MultiProcessor_EnterMuteMode), (46 bytes).
    Removing stm32f1xx_hal_uart.o(i.HAL_MultiProcessor_ExitMuteMode), (46 bytes).
    Removing stm32f1xx_hal_uart.o(i.HAL_MultiProcessor_Init), (142 bytes).
    Removing stm32f1xx_hal_uart.o(i.HAL_UART_Abort), (138 bytes).
    Removing stm32f1xx_hal_uart.o(i.HAL_UART_AbortCpltCallback), (2 bytes).
    Removing stm32f1xx_hal_uart.o(i.HAL_UART_AbortReceive), (88 bytes).
    Removing stm32f1xx_hal_uart.o(i.HAL_UART_AbortReceiveCpltCallback), (2 bytes).
    Removing stm32f1xx_hal_uart.o(i.HAL_UART_AbortReceive_IT), (92 bytes).
    Removing stm32f1xx_hal_uart.o(i.HAL_UART_AbortTransmit), (78 bytes).
    Removing stm32f1xx_hal_uart.o(i.HAL_UART_AbortTransmitCpltCallback), (2 bytes).
    Removing stm32f1xx_hal_uart.o(i.HAL_UART_AbortTransmit_IT), (84 bytes).
    Removing stm32f1xx_hal_uart.o(i.HAL_UART_Abort_IT), (172 bytes).
    Removing stm32f1xx_hal_uart.o(i.HAL_UART_DMAPause), (102 bytes).
    Removing stm32f1xx_hal_uart.o(i.HAL_UART_DMAResume), (94 bytes).
    Removing stm32f1xx_hal_uart.o(i.HAL_UART_DMAStop), (88 bytes).
    Removing stm32f1xx_hal_uart.o(i.HAL_UART_DeInit), (50 bytes).
    Removing stm32f1xx_hal_uart.o(i.HAL_UART_GetError), (4 bytes).
    Removing stm32f1xx_hal_uart.o(i.HAL_UART_GetState), (10 bytes).
    Removing stm32f1xx_hal_uart.o(i.HAL_UART_MspDeInit), (2 bytes).
    Removing stm32f1xx_hal_uart.o(i.HAL_UART_MspInit), (2 bytes).
    Removing stm32f1xx_hal_uart.o(i.HAL_UART_Receive), (184 bytes).
    Removing stm32f1xx_hal_uart.o(i.HAL_UART_Receive_DMA), (152 bytes).
    Removing stm32f1xx_hal_uart.o(i.HAL_UART_RxCpltCallback), (2 bytes).
    Removing stm32f1xx_hal_uart.o(i.HAL_UART_RxHalfCpltCallback), (2 bytes).
    Removing stm32f1xx_hal_uart.o(i.HAL_UART_Transmit_DMA), (128 bytes).
    Removing stm32f1xx_hal_uart.o(i.HAL_UART_TxCpltCallback), (2 bytes).
    Removing stm32f1xx_hal_uart.o(i.HAL_UART_TxHalfCpltCallback), (2 bytes).
    Removing stm32f1xx_hal_uart.o(i.UART_DMAError), (74 bytes).
    Removing stm32f1xx_hal_uart.o(i.UART_DMAReceiveCplt), (60 bytes).
    Removing stm32f1xx_hal_uart.o(i.UART_DMARxAbortCallback), (42 bytes).
    Removing stm32f1xx_hal_uart.o(i.UART_DMARxHalfCplt), (10 bytes).
    Removing stm32f1xx_hal_uart.o(i.UART_DMARxOnlyAbortCallback), (20 bytes).
    Removing stm32f1xx_hal_uart.o(i.UART_DMATransmitCplt), (46 bytes).
    Removing stm32f1xx_hal_uart.o(i.UART_DMATxAbortCallback), (42 bytes).
    Removing stm32f1xx_hal_uart.o(i.UART_DMATxHalfCplt), (10 bytes).
    Removing stm32f1xx_hal_uart.o(i.UART_DMATxOnlyAbortCallback), (20 bytes).
    Removing stm32f1xx_hal_uart.o(i.UART_EndTxTransfer), (18 bytes).
    Removing system_stm32f1xx.o(.rev16_text), (4 bytes).
    Removing system_stm32f1xx.o(.revsh_text), (4 bytes).
    Removing system_stm32f1xx.o(.rrx_text), (6 bytes).
    Removing system_stm32f1xx.o(i.SystemCoreClockUpdate), (148 bytes).
    Removing dadd.o(.text), (334 bytes).
    Removing dmul.o(.text), (228 bytes).
    Removing ddiv.o(.text), (222 bytes).
    Removing dfixul.o(.text), (48 bytes).
    Removing cdrcmple.o(.text), (48 bytes).
    Removing depilogue.o(.text), (186 bytes).

432 unused section(s) (total 28454 bytes) removed from the image.

==============================================================================

Image Symbol Table

    Local Symbols

    Symbol Name                              Value     Ov Type        Size  Object(Section)

    ../Drivers/STM32F1xx_HAL_Driver/Src/stm32f1xx_hal.c 0x00000000   Number         0  stm32f1xx_hal.o ABSOLUTE
    ../Drivers/STM32F1xx_HAL_Driver/Src/stm32f1xx_hal_adc.c 0x00000000   Number         0  stm32f1xx_hal_adc.o ABSOLUTE
    ../Drivers/STM32F1xx_HAL_Driver/Src/stm32f1xx_hal_adc_ex.c 0x00000000   Number         0  stm32f1xx_hal_adc_ex.o ABSOLUTE
    ../Drivers/STM32F1xx_HAL_Driver/Src/stm32f1xx_hal_cortex.c 0x00000000   Number         0  stm32f1xx_hal_cortex.o ABSOLUTE
    ../Drivers/STM32F1xx_HAL_Driver/Src/stm32f1xx_hal_dma.c 0x00000000   Number         0  stm32f1xx_hal_dma.o ABSOLUTE
    ../Drivers/STM32F1xx_HAL_Driver/Src/stm32f1xx_hal_exti.c 0x00000000   Number         0  stm32f1xx_hal_exti.o ABSOLUTE
    ../Drivers/STM32F1xx_HAL_Driver/Src/stm32f1xx_hal_flash.c 0x00000000   Number         0  stm32f1xx_hal_flash.o ABSOLUTE
    ../Drivers/STM32F1xx_HAL_Driver/Src/stm32f1xx_hal_flash_ex.c 0x00000000   Number         0  stm32f1xx_hal_flash_ex.o ABSOLUTE
    ../Drivers/STM32F1xx_HAL_Driver/Src/stm32f1xx_hal_gpio.c 0x00000000   Number         0  stm32f1xx_hal_gpio.o ABSOLUTE
    ../Drivers/STM32F1xx_HAL_Driver/Src/stm32f1xx_hal_gpio_ex.c 0x00000000   Number         0  stm32f1xx_hal_gpio_ex.o ABSOLUTE
    ../Drivers/STM32F1xx_HAL_Driver/Src/stm32f1xx_hal_pwr.c 0x00000000   Number         0  stm32f1xx_hal_pwr.o ABSOLUTE
    ../Drivers/STM32F1xx_HAL_Driver/Src/stm32f1xx_hal_rcc.c 0x00000000   Number         0  stm32f1xx_hal_rcc.o ABSOLUTE
    ../Drivers/STM32F1xx_HAL_Driver/Src/stm32f1xx_hal_rcc_ex.c 0x00000000   Number         0  stm32f1xx_hal_rcc_ex.o ABSOLUTE
    ../Drivers/STM32F1xx_HAL_Driver/Src/stm32f1xx_hal_tim.c 0x00000000   Number         0  stm32f1xx_hal_tim.o ABSOLUTE
    ../Drivers/STM32F1xx_HAL_Driver/Src/stm32f1xx_hal_tim_ex.c 0x00000000   Number         0  stm32f1xx_hal_tim_ex.o ABSOLUTE
    ../Drivers/STM32F1xx_HAL_Driver/Src/stm32f1xx_hal_uart.c 0x00000000   Number         0  stm32f1xx_hal_uart.o ABSOLUTE
    ../Src/main.c                            0x00000000   Number         0  main.o ABSOLUTE
    ../Src/stm32f1xx_hal_msp.c               0x00000000   Number         0  stm32f1xx_hal_msp.o ABSOLUTE
    ../Src/stm32f1xx_it.c                    0x00000000   Number         0  stm32f1xx_it.o ABSOLUTE
    ../Src/system_stm32f1xx.c                0x00000000   Number         0  system_stm32f1xx.o ABSOLUTE
    ../clib/../cmprslib/zerorunl2.c          0x00000000   Number         0  __dczerorl2.o ABSOLUTE
    ../clib/microlib/division.c              0x00000000   Number         0  uidiv.o ABSOLUTE
    ../clib/microlib/division.c              0x00000000   Number         0  uldiv.o ABSOLUTE
    ../clib/microlib/init/entry.s            0x00000000   Number         0  entry7b.o ABSOLUTE
    ../clib/microlib/init/entry.s            0x00000000   Number         0  entry5.o ABSOLUTE
    ../clib/microlib/init/entry.s            0x00000000   Number         0  entry2.o ABSOLUTE
    ../clib/microlib/init/entry.s            0x00000000   Number         0  entry11b.o ABSOLUTE
    ../clib/microlib/init/entry.s            0x00000000   Number         0  entry11a.o ABSOLUTE
    ../clib/microlib/init/entry.s            0x00000000   Number         0  entry10a.o ABSOLUTE
    ../clib/microlib/init/entry.s            0x00000000   Number         0  entry9b.o ABSOLUTE
    ../clib/microlib/init/entry.s            0x00000000   Number         0  entry9a.o ABSOLUTE
    ../clib/microlib/init/entry.s            0x00000000   Number         0  entry8b.o ABSOLUTE
    ../clib/microlib/init/entry.s            0x00000000   Number         0  entry8a.o ABSOLUTE
    ../clib/microlib/init/entry.s            0x00000000   Number         0  entry10b.o ABSOLUTE
    ../clib/microlib/init/entry.s            0x00000000   Number         0  entry7a.o ABSOLUTE
    ../clib/microlib/init/entry.s            0x00000000   Number         0  entry.o ABSOLUTE
    ../clib/microlib/longlong.c              0x00000000   Number         0  llsshr.o ABSOLUTE
    ../clib/microlib/longlong.c              0x00000000   Number         0  llushr.o ABSOLUTE
    ../clib/microlib/longlong.c              0x00000000   Number         0  llshl.o ABSOLUTE
    ../clib/microlib/printf/printf.c         0x00000000   Number         0  printf1.o ABSOLUTE
    ../clib/microlib/printf/printf.c         0x00000000   Number         0  printfb.o ABSOLUTE
    ../clib/microlib/printf/printf.c         0x00000000   Number         0  printfa.o ABSOLUTE
    ../clib/microlib/printf/printf.c         0x00000000   Number         0  printf8.o ABSOLUTE
    ../clib/microlib/printf/printf.c         0x00000000   Number         0  printf6.o ABSOLUTE
    ../clib/microlib/printf/printf.c         0x00000000   Number         0  printf5.o ABSOLUTE
    ../clib/microlib/printf/printf.c         0x00000000   Number         0  printf7.o ABSOLUTE
    ../clib/microlib/printf/printf.c         0x00000000   Number         0  printf4.o ABSOLUTE
    ../clib/microlib/printf/printf.c         0x00000000   Number         0  printf0.o ABSOLUTE
    ../clib/microlib/printf/printf.c         0x00000000   Number         0  printf3.o ABSOLUTE
    ../clib/microlib/printf/printf.c         0x00000000   Number         0  printf2.o ABSOLUTE
    ../clib/microlib/printf/stubs.s          0x00000000   Number         0  stubs.o ABSOLUTE
    ../clib/microlib/string/memset.c         0x00000000   Number         0  memseta.o ABSOLUTE
    ../clib/microlib/string/strlen.c         0x00000000   Number         0  strlen.o ABSOLUTE
    ../clib/microlib/string/strstr.c         0x00000000   Number         0  strstr.o ABSOLUTE
    ../clib/microlib/stubs.s                 0x00000000   Number         0  iusefp.o ABSOLUTE
    ../fplib/microlib/fpadd.c                0x00000000   Number         0  dadd.o ABSOLUTE
    ../fplib/microlib/fpdiv.c                0x00000000   Number         0  ddiv.o ABSOLUTE
    ../fplib/microlib/fpepilogue.c           0x00000000   Number         0  depilogue.o ABSOLUTE
    ../fplib/microlib/fpfix.c                0x00000000   Number         0  dfixul.o ABSOLUTE
    ../fplib/microlib/fpmul.c                0x00000000   Number         0  dmul.o ABSOLUTE
    ..\Drivers\STM32F1xx_HAL_Driver\Src\stm32f1xx_hal.c 0x00000000   Number         0  stm32f1xx_hal.o ABSOLUTE
    ..\Drivers\STM32F1xx_HAL_Driver\Src\stm32f1xx_hal_adc.c 0x00000000   Number         0  stm32f1xx_hal_adc.o ABSOLUTE
    ..\Drivers\STM32F1xx_HAL_Driver\Src\stm32f1xx_hal_adc_ex.c 0x00000000   Number         0  stm32f1xx_hal_adc_ex.o ABSOLUTE
    ..\Drivers\STM32F1xx_HAL_Driver\Src\stm32f1xx_hal_cortex.c 0x00000000   Number         0  stm32f1xx_hal_cortex.o ABSOLUTE
    ..\Drivers\STM32F1xx_HAL_Driver\Src\stm32f1xx_hal_dma.c 0x00000000   Number         0  stm32f1xx_hal_dma.o ABSOLUTE
    ..\Drivers\STM32F1xx_HAL_Driver\Src\stm32f1xx_hal_exti.c 0x00000000   Number         0  stm32f1xx_hal_exti.o ABSOLUTE
    ..\Drivers\STM32F1xx_HAL_Driver\Src\stm32f1xx_hal_flash.c 0x00000000   Number         0  stm32f1xx_hal_flash.o ABSOLUTE
    ..\Drivers\STM32F1xx_HAL_Driver\Src\stm32f1xx_hal_flash_ex.c 0x00000000   Number         0  stm32f1xx_hal_flash_ex.o ABSOLUTE
    ..\Drivers\STM32F1xx_HAL_Driver\Src\stm32f1xx_hal_gpio.c 0x00000000   Number         0  stm32f1xx_hal_gpio.o ABSOLUTE
    ..\Drivers\STM32F1xx_HAL_Driver\Src\stm32f1xx_hal_gpio_ex.c 0x00000000   Number         0  stm32f1xx_hal_gpio_ex.o ABSOLUTE
    ..\Drivers\STM32F1xx_HAL_Driver\Src\stm32f1xx_hal_iwdg.c 0x00000000   Number         0  stm32f1xx_hal_iwdg.o ABSOLUTE
    ..\Drivers\STM32F1xx_HAL_Driver\Src\stm32f1xx_hal_pwr.c 0x00000000   Number         0  stm32f1xx_hal_pwr.o ABSOLUTE
    ..\Drivers\STM32F1xx_HAL_Driver\Src\stm32f1xx_hal_rcc.c 0x00000000   Number         0  stm32f1xx_hal_rcc.o ABSOLUTE
    ..\Drivers\STM32F1xx_HAL_Driver\Src\stm32f1xx_hal_rcc_ex.c 0x00000000   Number         0  stm32f1xx_hal_rcc_ex.o ABSOLUTE
    ..\Drivers\STM32F1xx_HAL_Driver\Src\stm32f1xx_hal_tim.c 0x00000000   Number         0  stm32f1xx_hal_tim.o ABSOLUTE
    ..\Drivers\STM32F1xx_HAL_Driver\Src\stm32f1xx_hal_tim_ex.c 0x00000000   Number         0  stm32f1xx_hal_tim_ex.o ABSOLUTE
    ..\Drivers\STM32F1xx_HAL_Driver\Src\stm32f1xx_hal_uart.c 0x00000000   Number         0  stm32f1xx_hal_uart.o ABSOLUTE
    ..\Src\atcommands.c                      0x00000000   Number         0  atcommands.o ABSOLUTE
    ..\Src\main.c                            0x00000000   Number         0  main.o ABSOLUTE
    ..\Src\stm32f1xx_hal_msp.c               0x00000000   Number         0  stm32f1xx_hal_msp.o ABSOLUTE
    ..\Src\stm32f1xx_it.c                    0x00000000   Number         0  stm32f1xx_it.o ABSOLUTE
    ..\Src\system_stm32f1xx.c                0x00000000   Number         0  system_stm32f1xx.o ABSOLUTE
    ..\Src\tm_onewire.c                      0x00000000   Number         0  tm_onewire.o ABSOLUTE
    ..\\Drivers\\STM32F1xx_HAL_Driver\\Src\\stm32f1xx_hal_iwdg.c 0x00000000   Number         0  stm32f1xx_hal_iwdg.o ABSOLUTE
    ..\\Src\\tm_onewire.c                    0x00000000   Number         0  tm_onewire.o ABSOLUTE
    cdrcmple.s                               0x00000000   Number         0  cdrcmple.o ABSOLUTE
    commandinterpreter.c                     0x00000000   Number         0  commandinterpreter.o ABSOLUTE
    dc.s                                     0x00000000   Number         0  dc.o ABSOLUTE
    handlers.s                               0x00000000   Number         0  handlers.o ABSOLUTE
    init.s                                   0x00000000   Number         0  init.o ABSOLUTE
    modbusmaster.c                           0x00000000   Number         0  modbusmaster.o ABSOLUTE
    startup_stm32f107xc.s                    0x00000000   Number         0  startup_stm32f107xc.o ABSOLUTE
    RESET                                    0x08000000   Section      336  startup_stm32f107xc.o(RESET)
    .ARM.Collect$$$$00000000                 0x08000150   Section        0  entry.o(.ARM.Collect$$$$00000000)
    .ARM.Collect$$$$00000001                 0x08000150   Section        4  entry2.o(.ARM.Collect$$$$00000001)
    .ARM.Collect$$$$00000004                 0x08000154   Section        4  entry5.o(.ARM.Collect$$$$00000004)
    .ARM.Collect$$$$00000008                 0x08000158   Section        0  entry7b.o(.ARM.Collect$$$$00000008)
    .ARM.Collect$$$$0000000A                 0x08000158   Section        0  entry8b.o(.ARM.Collect$$$$0000000A)
    .ARM.Collect$$$$0000000B                 0x08000158   Section        8  entry9a.o(.ARM.Collect$$$$0000000B)
    .ARM.Collect$$$$0000000D                 0x08000160   Section        0  entry10a.o(.ARM.Collect$$$$0000000D)
    .ARM.Collect$$$$0000000F                 0x08000160   Section        0  entry11a.o(.ARM.Collect$$$$0000000F)
    .ARM.Collect$$$$00002712                 0x08000160   Section        4  entry2.o(.ARM.Collect$$$$00002712)
    __lit__00000000                          0x08000160   Data           4  entry2.o(.ARM.Collect$$$$00002712)
    .text                                    0x08000164   Section       36  startup_stm32f107xc.o(.text)
    .text                                    0x08000188   Section        0  uldiv.o(.text)
    .text                                    0x080001ea   Section        0  llushr.o(.text)
    .text                                    0x0800020a   Section        0  memseta.o(.text)
    .text                                    0x0800022e   Section        0  strstr.o(.text)
    .text                                    0x08000252   Section        0  strlen.o(.text)
    .text                                    0x08000260   Section        0  llshl.o(.text)
    .text                                    0x08000280   Section       36  init.o(.text)
    .text                                    0x080002a4   Section        0  __dczerorl2.o(.text)
    i.ADC_ConversionStop_Disable             0x080002fc   Section        0  stm32f1xx_hal_adc.o(i.ADC_ConversionStop_Disable)
    i.BusFault_Handler                       0x08000348   Section        0  stm32f1xx_it.o(i.BusFault_Handler)
    i.DebugMon_Handler                       0x0800034a   Section        0  stm32f1xx_it.o(i.DebugMon_Handler)
    i.HAL_ADC_ConfigChannel                  0x0800034c   Section        0  stm32f1xx_hal_adc.o(i.HAL_ADC_ConfigChannel)
    i.HAL_ADC_Init                           0x08000448   Section        0  stm32f1xx_hal_adc.o(i.HAL_ADC_Init)
    i.HAL_ADC_MspInit                        0x08000564   Section        0  stm32f1xx_hal_msp.o(i.HAL_ADC_MspInit)
    i.HAL_DMA_Abort_IT                       0x080005bc   Section        0  stm32f1xx_hal_dma.o(i.HAL_DMA_Abort_IT)
    i.HAL_Delay                              0x080006ec   Section        0  stm32f1xx_hal.o(i.HAL_Delay)
    i.HAL_GPIO_Init                          0x08000710   Section        0  stm32f1xx_hal_gpio.o(i.HAL_GPIO_Init)
    i.HAL_GPIO_TogglePin                     0x080008f0   Section        0  stm32f1xx_hal_gpio.o(i.HAL_GPIO_TogglePin)
    i.HAL_GPIO_WritePin                      0x080008fe   Section        0  stm32f1xx_hal_gpio.o(i.HAL_GPIO_WritePin)
    i.HAL_GetTick                            0x08000908   Section        0  stm32f1xx_hal.o(i.HAL_GetTick)
    i.HAL_IWDG_Init                          0x08000914   Section        0  stm32f1xx_hal_iwdg.o(i.HAL_IWDG_Init)
    i.HAL_IWDG_Refresh                       0x08000966   Section        0  stm32f1xx_hal_iwdg.o(i.HAL_IWDG_Refresh)
    i.HAL_IncTick                            0x08000974   Section        0  stm32f1xx_hal.o(i.HAL_IncTick)
    i.HAL_Init                               0x08000984   Section        0  stm32f1xx_hal.o(i.HAL_Init)
    i.HAL_InitTick                           0x080009a8   Section        0  stm32f1xx_hal.o(i.HAL_InitTick)
    i.HAL_MspInit                            0x080009e8   Section        0  stm32f1xx_hal_msp.o(i.HAL_MspInit)
    i.HAL_NVIC_EnableIRQ                     0x08000a24   Section        0  stm32f1xx_hal_cortex.o(i.HAL_NVIC_EnableIRQ)
    i.HAL_NVIC_SetPriority                   0x08000a40   Section        0  stm32f1xx_hal_cortex.o(i.HAL_NVIC_SetPriority)
    i.HAL_NVIC_SetPriorityGrouping           0x08000a80   Section        0  stm32f1xx_hal_cortex.o(i.HAL_NVIC_SetPriorityGrouping)
    i.HAL_RCCEx_PeriphCLKConfig              0x08000aa4   Section        0  stm32f1xx_hal_rcc_ex.o(i.HAL_RCCEx_PeriphCLKConfig)
    i.HAL_RCC_ClockConfig                    0x08000c2c   Section        0  stm32f1xx_hal_rcc.o(i.HAL_RCC_ClockConfig)
    i.HAL_RCC_GetPCLK1Freq                   0x08000d58   Section        0  stm32f1xx_hal_rcc.o(i.HAL_RCC_GetPCLK1Freq)
    i.HAL_RCC_GetPCLK2Freq                   0x08000d78   Section        0  stm32f1xx_hal_rcc.o(i.HAL_RCC_GetPCLK2Freq)
    i.HAL_RCC_GetSysClockFreq                0x08000d98   Section        0  stm32f1xx_hal_rcc.o(i.HAL_RCC_GetSysClockFreq)
    i.HAL_RCC_OscConfig                      0x08000e54   Section        0  stm32f1xx_hal_rcc.o(i.HAL_RCC_OscConfig)
    i.HAL_SYSTICK_Callback                   0x08001238   Section        0  main.o(i.HAL_SYSTICK_Callback)
    i.HAL_SYSTICK_Config                     0x080012bc   Section        0  stm32f1xx_hal_cortex.o(i.HAL_SYSTICK_Config)
    i.HAL_SYSTICK_IRQHandler                 0x080012e4   Section        0  stm32f1xx_hal_cortex.o(i.HAL_SYSTICK_IRQHandler)
    i.HAL_TIMEx_BreakCallback                0x080012ec   Section        0  stm32f1xx_hal_tim_ex.o(i.HAL_TIMEx_BreakCallback)
    i.HAL_TIMEx_CommutCallback               0x080012ee   Section        0  stm32f1xx_hal_tim_ex.o(i.HAL_TIMEx_CommutCallback)
    i.HAL_TIMEx_MasterConfigSynchronization  0x080012f0   Section        0  stm32f1xx_hal_tim_ex.o(i.HAL_TIMEx_MasterConfigSynchronization)
    i.HAL_TIM_Base_Init                      0x08001332   Section        0  stm32f1xx_hal_tim.o(i.HAL_TIM_Base_Init)
    i.HAL_TIM_Base_MspInit                   0x08001368   Section        0  stm32f1xx_hal_msp.o(i.HAL_TIM_Base_MspInit)
    i.HAL_TIM_Base_Start_IT                  0x080013c8   Section        0  stm32f1xx_hal_tim.o(i.HAL_TIM_Base_Start_IT)
    i.HAL_TIM_IC_CaptureCallback             0x080013ea   Section        0  stm32f1xx_hal_tim.o(i.HAL_TIM_IC_CaptureCallback)
    i.HAL_TIM_IRQHandler                     0x080013ec   Section        0  stm32f1xx_hal_tim.o(i.HAL_TIM_IRQHandler)
    i.HAL_TIM_OC_DelayElapsedCallback        0x08001552   Section        0  stm32f1xx_hal_tim.o(i.HAL_TIM_OC_DelayElapsedCallback)
    i.HAL_TIM_PWM_PulseFinishedCallback      0x08001554   Section        0  stm32f1xx_hal_tim.o(i.HAL_TIM_PWM_PulseFinishedCallback)
    i.HAL_TIM_PeriodElapsedCallback          0x08001558   Section        0  main.o(i.HAL_TIM_PeriodElapsedCallback)
    i.HAL_TIM_TriggerCallback                0x0800160c   Section        0  stm32f1xx_hal_tim.o(i.HAL_TIM_TriggerCallback)
    i.HAL_UART_ErrorCallback                 0x0800160e   Section        0  stm32f1xx_hal_uart.o(i.HAL_UART_ErrorCallback)
    i.HAL_UART_IRQHandler                    0x08001610   Section        0  stm32f1xx_hal_uart.o(i.HAL_UART_IRQHandler)
    i.HAL_UART_Init                          0x08001720   Section        0  stm32f1xx_hal_uart.o(i.HAL_UART_Init)
    i.HAL_UART_MspInit                       0x08001784   Section        0  stm32f1xx_hal_msp.o(i.HAL_UART_MspInit)
    i.HAL_UART_Receive_IT                    0x08001920   Section        0  stm32f1xx_hal_uart.o(i.HAL_UART_Receive_IT)
    i.HAL_UART_RxCpltCallback                0x08001974   Section        0  main.o(i.HAL_UART_RxCpltCallback)
    i.HAL_UART_Transmit                      0x08001a8c   Section        0  stm32f1xx_hal_uart.o(i.HAL_UART_Transmit)
    i.HAL_UART_Transmit_IT                   0x08001b46   Section        0  stm32f1xx_hal_uart.o(i.HAL_UART_Transmit_IT)
    i.HAL_UART_TxCpltCallback                0x08001b84   Section        0  main.o(i.HAL_UART_TxCpltCallback)
    i.HardFault_Handler                      0x08001b86   Section        0  stm32f1xx_it.o(i.HardFault_Handler)
    i.MX_ADC1_Init                           0x08001b88   Section        0  main.o(i.MX_ADC1_Init)
    MX_ADC1_Init                             0x08001b89   Thumb Code    56  main.o(i.MX_ADC1_Init)
    i.MX_GPIO_Init                           0x08001bc8   Section        0  main.o(i.MX_GPIO_Init)
    MX_GPIO_Init                             0x08001bc9   Thumb Code   104  main.o(i.MX_GPIO_Init)
    i.MemManage_Handler                      0x08001c38   Section        0  stm32f1xx_it.o(i.MemManage_Handler)
    i.NMI_Handler                            0x08001c3a   Section        0  stm32f1xx_it.o(i.NMI_Handler)
    i.PendSV_Handler                         0x08001c3c   Section        0  stm32f1xx_it.o(i.PendSV_Handler)
    i.SVC_Handler                            0x08001c3e   Section        0  stm32f1xx_it.o(i.SVC_Handler)
    i.SysTick_Handler                        0x08001c40   Section        0  stm32f1xx_it.o(i.SysTick_Handler)
    i.SystemClock_Config                     0x08001c50   Section        0  main.o(i.SystemClock_Config)
    i.SystemInit                             0x08001cc4   Section        0  system_stm32f1xx.o(i.SystemInit)
    i.TIM2_IRQHandler                        0x08001d18   Section        0  stm32f1xx_it.o(i.TIM2_IRQHandler)
    i.TIM6_IRQHandler                        0x08001d24   Section        0  stm32f1xx_it.o(i.TIM6_IRQHandler)
    i.TIM_Base_SetConfig                     0x08001d30   Section        0  stm32f1xx_hal_tim.o(i.TIM_Base_SetConfig)
    i.UART4_IRQHandler                       0x08001dac   Section        0  stm32f1xx_it.o(i.UART4_IRQHandler)
    i.UART5_IRQHandler                       0x08001db8   Section        0  stm32f1xx_it.o(i.UART5_IRQHandler)
    i.UART_DMAAbortOnError                   0x08001dc4   Section        0  stm32f1xx_hal_uart.o(i.UART_DMAAbortOnError)
    UART_DMAAbortOnError                     0x08001dc5   Thumb Code    16  stm32f1xx_hal_uart.o(i.UART_DMAAbortOnError)
    i.UART_EndRxTransfer                     0x08001dd4   Section        0  stm32f1xx_hal_uart.o(i.UART_EndRxTransfer)
    UART_EndRxTransfer                       0x08001dd5   Thumb Code    28  stm32f1xx_hal_uart.o(i.UART_EndRxTransfer)
    i.UART_Receive_IT                        0x08001df0   Section        0  stm32f1xx_hal_uart.o(i.UART_Receive_IT)
    UART_Receive_IT                          0x08001df1   Thumb Code   150  stm32f1xx_hal_uart.o(i.UART_Receive_IT)
    i.UART_SetConfig                         0x08001e88   Section        0  stm32f1xx_hal_uart.o(i.UART_SetConfig)
    UART_SetConfig                           0x08001e89   Thumb Code   178  stm32f1xx_hal_uart.o(i.UART_SetConfig)
    i.UART_Transmit_IT                       0x08001f40   Section        0  stm32f1xx_hal_uart.o(i.UART_Transmit_IT)
    UART_Transmit_IT                         0x08001f41   Thumb Code    98  stm32f1xx_hal_uart.o(i.UART_Transmit_IT)
    i.UART_WaitOnFlagUntilTimeout            0x08001fa2   Section        0  stm32f1xx_hal_uart.o(i.UART_WaitOnFlagUntilTimeout)
    UART_WaitOnFlagUntilTimeout              0x08001fa3   Thumb Code   100  stm32f1xx_hal_uart.o(i.UART_WaitOnFlagUntilTimeout)
    i.USART1_IRQHandler                      0x08002008   Section        0  stm32f1xx_it.o(i.USART1_IRQHandler)
    i.USART2_IRQHandler                      0x08002014   Section        0  stm32f1xx_it.o(i.USART2_IRQHandler)
    i.UX_GPIO_Init                           0x08002020   Section        0  main.o(i.UX_GPIO_Init)
    UX_GPIO_Init                             0x08002021   Thumb Code   104  main.o(i.UX_GPIO_Init)
    i.UsageFault_Handler                     0x08002094   Section        0  stm32f1xx_it.o(i.UsageFault_Handler)
    i.__0printf$8                            0x08002098   Section        0  printf8.o(i.__0printf$8)
    i.__0sprintf$8                           0x080020b8   Section        0  printf8.o(i.__0sprintf$8)
    i.__NVIC_SetPriority                     0x080020e0   Section        0  stm32f1xx_hal_cortex.o(i.__NVIC_SetPriority)
    __NVIC_SetPriority                       0x080020e1   Thumb Code    32  stm32f1xx_hal_cortex.o(i.__NVIC_SetPriority)
    i.__scatterload_copy                     0x08002100   Section       14  handlers.o(i.__scatterload_copy)
    i.__scatterload_null                     0x0800210e   Section        2  handlers.o(i.__scatterload_null)
    i.__scatterload_zeroinit                 0x08002110   Section       14  handlers.o(i.__scatterload_zeroinit)
    i._printf_core                           0x08002120   Section        0  printf8.o(i._printf_core)
    _printf_core                             0x08002121   Thumb Code   996  printf8.o(i._printf_core)
    i._printf_post_padding                   0x08002530   Section        0  printf8.o(i._printf_post_padding)
    _printf_post_padding                     0x08002531   Thumb Code    36  printf8.o(i._printf_post_padding)
    i._printf_pre_padding                    0x08002554   Section        0  printf8.o(i._printf_pre_padding)
    _printf_pre_padding                      0x08002555   Thumb Code    46  printf8.o(i._printf_pre_padding)
    i._sputc                                 0x08002582   Section        0  printf8.o(i._sputc)
    _sputc                                   0x08002583   Thumb Code    10  printf8.o(i._sputc)
    i.fputc                                  0x0800258c   Section        0  main.o(i.fputc)
    i.main                                   0x080025a8   Section        0  main.o(i.main)
    i.readSector                             0x08002ecc   Section        0  tm_onewire.o(i.readSector)
    .constdata                               0x08002ee2   Section       16  system_stm32f1xx.o(.constdata)
    .constdata                               0x08002ef2   Section        8  system_stm32f1xx.o(.constdata)
    .conststring                             0x08002efc   Section      265  atcommands.o(.conststring)
    .conststring                             0x08003008   Section      615  main.o(.conststring)
    .data                                    0x20000000   Section      180  atcommands.o(.data)
    .data                                    0x200000b4   Section      208  modbusmaster.o(.data)
    .data                                    0x20000184   Section      880  main.o(.data)
    .data                                    0x200004f4   Section        4  main.o(.data)
    .data                                    0x200004f8   Section       12  stm32f1xx_hal.o(.data)
    .data                                    0x20000504   Section        4  system_stm32f1xx.o(.data)
    .bss                                     0x20000508   Section     4208  main.o(.bss)
    .bss                                     0x20001578   Section       64  main.o(.bss)
    STACK                                    0x200015b8   Section     1024  startup_stm32f107xc.o(STACK)

    Global Symbols

    Symbol Name                              Value     Ov Type        Size  Object(Section)

    BuildAttributes$$THM_ISAv4$P$D$K$B$S$PE$A:L22UL41UL21$X:L11$S22US41US21$IEEE1$IW$USESV6$~STKCKD$USESV7$~SHL$OSPACE$ROPI$EBA8$MICROLIB$REQ8$PRES8$EABIv2 0x00000000   Number         0  anon$$obj.o ABSOLUTE
    __ARM_use_no_argv                        0x00000000   Number         0  main.o ABSOLUTE
    _printf_a                                0x00000000   Number         0  stubs.o ABSOLUTE
    _printf_c                                0x00000000   Number         0  stubs.o ABSOLUTE
    _printf_charcount                        0x00000000   Number         0  stubs.o ABSOLUTE
    _printf_d                                0x00000000   Number         0  stubs.o ABSOLUTE
    _printf_e                                0x00000000   Number         0  stubs.o ABSOLUTE
    _printf_f                                0x00000000   Number         0  stubs.o ABSOLUTE
    _printf_flags                            0x00000000   Number         0  stubs.o ABSOLUTE
    _printf_fp_dec                           0x00000000   Number         0  stubs.o ABSOLUTE
    _printf_fp_hex                           0x00000000   Number         0  stubs.o ABSOLUTE
    _printf_g                                0x00000000   Number         0  stubs.o ABSOLUTE
    _printf_i                                0x00000000   Number         0  stubs.o ABSOLUTE
    _printf_int_dec                          0x00000000   Number         0  stubs.o ABSOLUTE
    _printf_l                                0x00000000   Number         0  stubs.o ABSOLUTE
    _printf_lc                               0x00000000   Number         0  stubs.o ABSOLUTE
    _printf_ll                               0x00000000   Number         0  stubs.o ABSOLUTE
    _printf_lld                              0x00000000   Number         0  stubs.o ABSOLUTE
    _printf_lli                              0x00000000   Number         0  stubs.o ABSOLUTE
    _printf_llo                              0x00000000   Number         0  stubs.o ABSOLUTE
    _printf_llu                              0x00000000   Number         0  stubs.o ABSOLUTE
    _printf_llx                              0x00000000   Number         0  stubs.o ABSOLUTE
    _printf_longlong_dec                     0x00000000   Number         0  stubs.o ABSOLUTE
    _printf_longlong_hex                     0x00000000   Number         0  stubs.o ABSOLUTE
    _printf_longlong_oct                     0x00000000   Number         0  stubs.o ABSOLUTE
    _printf_ls                               0x00000000   Number         0  stubs.o ABSOLUTE
    _printf_mbtowc                           0x00000000   Number         0  stubs.o ABSOLUTE
    _printf_n                                0x00000000   Number         0  stubs.o ABSOLUTE
    _printf_o                                0x00000000   Number         0  stubs.o ABSOLUTE
    _printf_p                                0x00000000   Number         0  stubs.o ABSOLUTE
    _printf_percent                          0x00000000   Number         0  stubs.o ABSOLUTE
    _printf_pre_padding                      0x00000000   Number         0  stubs.o ABSOLUTE
    _printf_return_value                     0x00000000   Number         0  stubs.o ABSOLUTE
    _printf_s                                0x00000000   Number         0  stubs.o ABSOLUTE
    _printf_sizespec                         0x00000000   Number         0  stubs.o ABSOLUTE
    _printf_str                              0x00000000   Number         0  stubs.o ABSOLUTE
    _printf_truncate_signed                  0x00000000   Number         0  stubs.o ABSOLUTE
    _printf_truncate_unsigned                0x00000000   Number         0  stubs.o ABSOLUTE
    _printf_u                                0x00000000   Number         0  stubs.o ABSOLUTE
    _printf_wc                               0x00000000   Number         0  stubs.o ABSOLUTE
    _printf_wctomb                           0x00000000   Number         0  stubs.o ABSOLUTE
    _printf_widthprec                        0x00000000   Number         0  stubs.o ABSOLUTE
    _printf_x                                0x00000000   Number         0  stubs.o ABSOLUTE
    __cpp_initialize__aeabi_                  - Undefined Weak Reference
    __cxa_finalize                            - Undefined Weak Reference
    _clock_init                               - Undefined Weak Reference
    _microlib_exit                            - Undefined Weak Reference
    __Vectors_Size                           0x00000150   Number         0  startup_stm32f107xc.o ABSOLUTE
    __Vectors                                0x08000000   Data           4  startup_stm32f107xc.o(RESET)
    __Vectors_End                            0x08000150   Data           0  startup_stm32f107xc.o(RESET)
    __main                                   0x08000151   Thumb Code     0  entry.o(.ARM.Collect$$$$00000000)
    _main_stk                                0x08000151   Thumb Code     0  entry2.o(.ARM.Collect$$$$00000001)
    _main_scatterload                        0x08000155   Thumb Code     0  entry5.o(.ARM.Collect$$$$00000004)
    __main_after_scatterload                 0x08000159   Thumb Code     0  entry5.o(.ARM.Collect$$$$00000004)
    _main_clock                              0x08000159   Thumb Code     0  entry7b.o(.ARM.Collect$$$$00000008)
    _main_cpp_init                           0x08000159   Thumb Code     0  entry8b.o(.ARM.Collect$$$$0000000A)
    _main_init                               0x08000159   Thumb Code     0  entry9a.o(.ARM.Collect$$$$0000000B)
    __rt_final_cpp                           0x08000161   Thumb Code     0  entry10a.o(.ARM.Collect$$$$0000000D)
    __rt_final_exit                          0x08000161   Thumb Code     0  entry11a.o(.ARM.Collect$$$$0000000F)
    Reset_Handler                            0x08000165   Thumb Code     8  startup_stm32f107xc.o(.text)
    ADC1_2_IRQHandler                        0x0800017f   Thumb Code     0  startup_stm32f107xc.o(.text)
    CAN1_RX0_IRQHandler                      0x0800017f   Thumb Code     0  startup_stm32f107xc.o(.text)
    CAN1_RX1_IRQHandler                      0x0800017f   Thumb Code     0  startup_stm32f107xc.o(.text)
    CAN1_SCE_IRQHandler                      0x0800017f   Thumb Code     0  startup_stm32f107xc.o(.text)
    CAN1_TX_IRQHandler                       0x0800017f   Thumb Code     0  startup_stm32f107xc.o(.text)
    CAN2_RX0_IRQHandler                      0x0800017f   Thumb Code     0  startup_stm32f107xc.o(.text)
    CAN2_RX1_IRQHandler                      0x0800017f   Thumb Code     0  startup_stm32f107xc.o(.text)
    CAN2_SCE_IRQHandler                      0x0800017f   Thumb Code     0  startup_stm32f107xc.o(.text)
    CAN2_TX_IRQHandler                       0x0800017f   Thumb Code     0  startup_stm32f107xc.o(.text)
    DMA1_Channel1_IRQHandler                 0x0800017f   Thumb Code     0  startup_stm32f107xc.o(.text)
    DMA1_Channel2_IRQHandler                 0x0800017f   Thumb Code     0  startup_stm32f107xc.o(.text)
    DMA1_Channel3_IRQHandler                 0x0800017f   Thumb Code     0  startup_stm32f107xc.o(.text)
    DMA1_Channel4_IRQHandler                 0x0800017f   Thumb Code     0  startup_stm32f107xc.o(.text)
    DMA1_Channel5_IRQHandler                 0x0800017f   Thumb Code     0  startup_stm32f107xc.o(.text)
    DMA1_Channel6_IRQHandler                 0x0800017f   Thumb Code     0  startup_stm32f107xc.o(.text)
    DMA1_Channel7_IRQHandler                 0x0800017f   Thumb Code     0  startup_stm32f107xc.o(.text)
    DMA2_Channel1_IRQHandler                 0x0800017f   Thumb Code     0  startup_stm32f107xc.o(.text)
    DMA2_Channel2_IRQHandler                 0x0800017f   Thumb Code     0  startup_stm32f107xc.o(.text)
    DMA2_Channel3_IRQHandler                 0x0800017f   Thumb Code     0  startup_stm32f107xc.o(.text)
    DMA2_Channel4_IRQHandler                 0x0800017f   Thumb Code     0  startup_stm32f107xc.o(.text)
    DMA2_Channel5_IRQHandler                 0x0800017f   Thumb Code     0  startup_stm32f107xc.o(.text)
    ETH_IRQHandler                           0x0800017f   Thumb Code     0  startup_stm32f107xc.o(.text)
    ETH_WKUP_IRQHandler                      0x0800017f   Thumb Code     0  startup_stm32f107xc.o(.text)
    EXTI0_IRQHandler                         0x0800017f   Thumb Code     0  startup_stm32f107xc.o(.text)
    EXTI15_10_IRQHandler                     0x0800017f   Thumb Code     0  startup_stm32f107xc.o(.text)
    EXTI1_IRQHandler                         0x0800017f   Thumb Code     0  startup_stm32f107xc.o(.text)
    EXTI2_IRQHandler                         0x0800017f   Thumb Code     0  startup_stm32f107xc.o(.text)
    EXTI3_IRQHandler                         0x0800017f   Thumb Code     0  startup_stm32f107xc.o(.text)
    EXTI4_IRQHandler                         0x0800017f   Thumb Code     0  startup_stm32f107xc.o(.text)
    EXTI9_5_IRQHandler                       0x0800017f   Thumb Code     0  startup_stm32f107xc.o(.text)
    FLASH_IRQHandler                         0x0800017f   Thumb Code     0  startup_stm32f107xc.o(.text)
    I2C1_ER_IRQHandler                       0x0800017f   Thumb Code     0  startup_stm32f107xc.o(.text)
    I2C1_EV_IRQHandler                       0x0800017f   Thumb Code     0  startup_stm32f107xc.o(.text)
    I2C2_ER_IRQHandler                       0x0800017f   Thumb Code     0  startup_stm32f107xc.o(.text)
    I2C2_EV_IRQHandler                       0x0800017f   Thumb Code     0  startup_stm32f107xc.o(.text)
    OTG_FS_IRQHandler                        0x0800017f   Thumb Code     0  startup_stm32f107xc.o(.text)
    OTG_FS_WKUP_IRQHandler                   0x0800017f   Thumb Code     0  startup_stm32f107xc.o(.text)
    PVD_IRQHandler                           0x0800017f   Thumb Code     0  startup_stm32f107xc.o(.text)
    RCC_IRQHandler                           0x0800017f   Thumb Code     0  startup_stm32f107xc.o(.text)
    RTC_Alarm_IRQHandler                     0x0800017f   Thumb Code     0  startup_stm32f107xc.o(.text)
    RTC_IRQHandler                           0x0800017f   Thumb Code     0  startup_stm32f107xc.o(.text)
    SPI1_IRQHandler                          0x0800017f   Thumb Code     0  startup_stm32f107xc.o(.text)
    SPI2_IRQHandler                          0x0800017f   Thumb Code     0  startup_stm32f107xc.o(.text)
    SPI3_IRQHandler                          0x0800017f   Thumb Code     0  startup_stm32f107xc.o(.text)
    TAMPER_IRQHandler                        0x0800017f   Thumb Code     0  startup_stm32f107xc.o(.text)
    TIM1_BRK_IRQHandler                      0x0800017f   Thumb Code     0  startup_stm32f107xc.o(.text)
    TIM1_CC_IRQHandler                       0x0800017f   Thumb Code     0  startup_stm32f107xc.o(.text)
    TIM1_TRG_COM_IRQHandler                  0x0800017f   Thumb Code     0  startup_stm32f107xc.o(.text)
    TIM1_UP_IRQHandler                       0x0800017f   Thumb Code     0  startup_stm32f107xc.o(.text)
    TIM3_IRQHandler                          0x0800017f   Thumb Code     0  startup_stm32f107xc.o(.text)
    TIM4_IRQHandler                          0x0800017f   Thumb Code     0  startup_stm32f107xc.o(.text)
    TIM5_IRQHandler                          0x0800017f   Thumb Code     0  startup_stm32f107xc.o(.text)
    TIM7_IRQHandler                          0x0800017f   Thumb Code     0  startup_stm32f107xc.o(.text)
    USART3_IRQHandler                        0x0800017f   Thumb Code     0  startup_stm32f107xc.o(.text)
    WWDG_IRQHandler                          0x0800017f   Thumb Code     0  startup_stm32f107xc.o(.text)
    __aeabi_uldivmod                         0x08000189   Thumb Code    98  uldiv.o(.text)
    __aeabi_llsr                             0x080001eb   Thumb Code    32  llushr.o(.text)
    _ll_ushift_r                             0x080001eb   Thumb Code     0  llushr.o(.text)
    __aeabi_memset                           0x0800020b   Thumb Code    14  memseta.o(.text)
    __aeabi_memset4                          0x0800020b   Thumb Code     0  memseta.o(.text)
    __aeabi_memset8                          0x0800020b   Thumb Code     0  memseta.o(.text)
    __aeabi_memclr                           0x08000219   Thumb Code     4  memseta.o(.text)
    __aeabi_memclr4                          0x08000219   Thumb Code     0  memseta.o(.text)
    __aeabi_memclr8                          0x08000219   Thumb Code     0  memseta.o(.text)
    _memset$wrapper                          0x0800021d   Thumb Code    18  memseta.o(.text)
    strstr                                   0x0800022f   Thumb Code    36  strstr.o(.text)
    strlen                                   0x08000253   Thumb Code    14  strlen.o(.text)
    __aeabi_llsl                             0x08000261   Thumb Code    30  llshl.o(.text)
    _ll_shift_l                              0x08000261   Thumb Code     0  llshl.o(.text)
    __scatterload                            0x08000281   Thumb Code    28  init.o(.text)
    __scatterload_rt2                        0x08000281   Thumb Code     0  init.o(.text)
    __decompress                             0x080002a5   Thumb Code     0  __dczerorl2.o(.text)
    __decompress1                            0x080002a5   Thumb Code    86  __dczerorl2.o(.text)
    ADC_ConversionStop_Disable               0x080002fd   Thumb Code    76  stm32f1xx_hal_adc.o(i.ADC_ConversionStop_Disable)
    BusFault_Handler                         0x08000349   Thumb Code     2  stm32f1xx_it.o(i.BusFault_Handler)
    DebugMon_Handler                         0x0800034b   Thumb Code     2  stm32f1xx_it.o(i.DebugMon_Handler)
    HAL_ADC_ConfigChannel                    0x0800034d   Thumb Code   240  stm32f1xx_hal_adc.o(i.HAL_ADC_ConfigChannel)
    HAL_ADC_Init                             0x08000449   Thumb Code   272  stm32f1xx_hal_adc.o(i.HAL_ADC_Init)
    HAL_ADC_MspInit                          0x08000565   Thumb Code    76  stm32f1xx_hal_msp.o(i.HAL_ADC_MspInit)
    HAL_DMA_Abort_IT                         0x080005bd   Thumb Code   296  stm32f1xx_hal_dma.o(i.HAL_DMA_Abort_IT)
    HAL_Delay                                0x080006ed   Thumb Code    32  stm32f1xx_hal.o(i.HAL_Delay)
    HAL_GPIO_Init                            0x08000711   Thumb Code   446  stm32f1xx_hal_gpio.o(i.HAL_GPIO_Init)
    HAL_GPIO_TogglePin                       0x080008f1   Thumb Code    14  stm32f1xx_hal_gpio.o(i.HAL_GPIO_TogglePin)
    HAL_GPIO_WritePin                        0x080008ff   Thumb Code    10  stm32f1xx_hal_gpio.o(i.HAL_GPIO_WritePin)
    HAL_GetTick                              0x08000909   Thumb Code     6  stm32f1xx_hal.o(i.HAL_GetTick)
    HAL_IWDG_Init                            0x08000915   Thumb Code    82  stm32f1xx_hal_iwdg.o(i.HAL_IWDG_Init)
    HAL_IWDG_Refresh                         0x08000967   Thumb Code    12  stm32f1xx_hal_iwdg.o(i.HAL_IWDG_Refresh)
    HAL_IncTick                              0x08000975   Thumb Code    12  stm32f1xx_hal.o(i.HAL_IncTick)
    HAL_Init                                 0x08000985   Thumb Code    32  stm32f1xx_hal.o(i.HAL_Init)
    HAL_InitTick                             0x080009a9   Thumb Code    54  stm32f1xx_hal.o(i.HAL_InitTick)
    HAL_MspInit                              0x080009e9   Thumb Code    52  stm32f1xx_hal_msp.o(i.HAL_MspInit)
    HAL_NVIC_EnableIRQ                       0x08000a25   Thumb Code    26  stm32f1xx_hal_cortex.o(i.HAL_NVIC_EnableIRQ)
    HAL_NVIC_SetPriority                     0x08000a41   Thumb Code    60  stm32f1xx_hal_cortex.o(i.HAL_NVIC_SetPriority)
    HAL_NVIC_SetPriorityGrouping             0x08000a81   Thumb Code    26  stm32f1xx_hal_cortex.o(i.HAL_NVIC_SetPriorityGrouping)
    HAL_RCCEx_PeriphCLKConfig                0x08000aa5   Thumb Code   374  stm32f1xx_hal_rcc_ex.o(i.HAL_RCCEx_PeriphCLKConfig)
    HAL_RCC_ClockConfig                      0x08000c2d   Thumb Code   280  stm32f1xx_hal_rcc.o(i.HAL_RCC_ClockConfig)
    HAL_RCC_GetPCLK1Freq                     0x08000d59   Thumb Code    20  stm32f1xx_hal_rcc.o(i.HAL_RCC_GetPCLK1Freq)
    HAL_RCC_GetPCLK2Freq                     0x08000d79   Thumb Code    20  stm32f1xx_hal_rcc.o(i.HAL_RCC_GetPCLK2Freq)
    HAL_RCC_GetSysClockFreq                  0x08000d99   Thumb Code   142  stm32f1xx_hal_rcc.o(i.HAL_RCC_GetSysClockFreq)
    HAL_RCC_OscConfig                        0x08000e55   Thumb Code   974  stm32f1xx_hal_rcc.o(i.HAL_RCC_OscConfig)
    HAL_SYSTICK_Callback                     0x08001239   Thumb Code   128  main.o(i.HAL_SYSTICK_Callback)
    HAL_SYSTICK_Config                       0x080012bd   Thumb Code    40  stm32f1xx_hal_cortex.o(i.HAL_SYSTICK_Config)
    HAL_SYSTICK_IRQHandler                   0x080012e5   Thumb Code     8  stm32f1xx_hal_cortex.o(i.HAL_SYSTICK_IRQHandler)
    HAL_TIMEx_BreakCallback                  0x080012ed   Thumb Code     2  stm32f1xx_hal_tim_ex.o(i.HAL_TIMEx_BreakCallback)
    HAL_TIMEx_CommutCallback                 0x080012ef   Thumb Code     2  stm32f1xx_hal_tim_ex.o(i.HAL_TIMEx_CommutCallback)
    HAL_TIMEx_MasterConfigSynchronization    0x080012f1   Thumb Code    66  stm32f1xx_hal_tim_ex.o(i.HAL_TIMEx_MasterConfigSynchronization)
    HAL_TIM_Base_Init                        0x08001333   Thumb Code    54  stm32f1xx_hal_tim.o(i.HAL_TIM_Base_Init)
    HAL_TIM_Base_MspInit                     0x08001369   Thumb Code    86  stm32f1xx_hal_msp.o(i.HAL_TIM_Base_MspInit)
    HAL_TIM_Base_Start_IT                    0x080013c9   Thumb Code    34  stm32f1xx_hal_tim.o(i.HAL_TIM_Base_Start_IT)
    HAL_TIM_IC_CaptureCallback               0x080013eb   Thumb Code     2  stm32f1xx_hal_tim.o(i.HAL_TIM_IC_CaptureCallback)
    HAL_TIM_IRQHandler                       0x080013ed   Thumb Code   358  stm32f1xx_hal_tim.o(i.HAL_TIM_IRQHandler)
    HAL_TIM_OC_DelayElapsedCallback          0x08001553   Thumb Code     2  stm32f1xx_hal_tim.o(i.HAL_TIM_OC_DelayElapsedCallback)
    HAL_TIM_PWM_PulseFinishedCallback        0x08001555   Thumb Code     2  stm32f1xx_hal_tim.o(i.HAL_TIM_PWM_PulseFinishedCallback)
    HAL_TIM_PeriodElapsedCallback            0x08001559   Thumb Code   160  main.o(i.HAL_TIM_PeriodElapsedCallback)
    HAL_TIM_TriggerCallback                  0x0800160d   Thumb Code     2  stm32f1xx_hal_tim.o(i.HAL_TIM_TriggerCallback)
    HAL_UART_ErrorCallback                   0x0800160f   Thumb Code     2  stm32f1xx_hal_uart.o(i.HAL_UART_ErrorCallback)
    HAL_UART_IRQHandler                      0x08001611   Thumb Code   266  stm32f1xx_hal_uart.o(i.HAL_UART_IRQHandler)
    HAL_UART_Init                            0x08001721   Thumb Code    98  stm32f1xx_hal_uart.o(i.HAL_UART_Init)
    HAL_UART_MspInit                         0x08001785   Thumb Code   380  stm32f1xx_hal_msp.o(i.HAL_UART_MspInit)
    HAL_UART_Receive_IT                      0x08001921   Thumb Code    82  stm32f1xx_hal_uart.o(i.HAL_UART_Receive_IT)
    HAL_UART_RxCpltCallback                  0x08001975   Thumb Code   252  main.o(i.HAL_UART_RxCpltCallback)
    HAL_UART_Transmit                        0x08001a8d   Thumb Code   186  stm32f1xx_hal_uart.o(i.HAL_UART_Transmit)
    HAL_UART_Transmit_IT                     0x08001b47   Thumb Code    62  stm32f1xx_hal_uart.o(i.HAL_UART_Transmit_IT)
    HAL_UART_TxCpltCallback                  0x08001b85   Thumb Code     2  main.o(i.HAL_UART_TxCpltCallback)
    HardFault_Handler                        0x08001b87   Thumb Code     2  stm32f1xx_it.o(i.HardFault_Handler)
    MemManage_Handler                        0x08001c39   Thumb Code     2  stm32f1xx_it.o(i.MemManage_Handler)
    NMI_Handler                              0x08001c3b   Thumb Code     2  stm32f1xx_it.o(i.NMI_Handler)
    PendSV_Handler                           0x08001c3d   Thumb Code     2  stm32f1xx_it.o(i.PendSV_Handler)
    SVC_Handler                              0x08001c3f   Thumb Code     2  stm32f1xx_it.o(i.SVC_Handler)
    SysTick_Handler                          0x08001c41   Thumb Code    14  stm32f1xx_it.o(i.SysTick_Handler)
    SystemClock_Config                       0x08001c51   Thumb Code   112  main.o(i.SystemClock_Config)
    SystemInit                               0x08001cc5   Thumb Code    68  system_stm32f1xx.o(i.SystemInit)
    TIM2_IRQHandler                          0x08001d19   Thumb Code     6  stm32f1xx_it.o(i.TIM2_IRQHandler)
    TIM6_IRQHandler                          0x08001d25   Thumb Code     6  stm32f1xx_it.o(i.TIM6_IRQHandler)
    TIM_Base_SetConfig                       0x08001d31   Thumb Code   106  stm32f1xx_hal_tim.o(i.TIM_Base_SetConfig)
    UART4_IRQHandler                         0x08001dad   Thumb Code     6  stm32f1xx_it.o(i.UART4_IRQHandler)
    UART5_IRQHandler                         0x08001db9   Thumb Code     6  stm32f1xx_it.o(i.UART5_IRQHandler)
    USART1_IRQHandler                        0x08002009   Thumb Code     6  stm32f1xx_it.o(i.USART1_IRQHandler)
    USART2_IRQHandler                        0x08002015   Thumb Code     6  stm32f1xx_it.o(i.USART2_IRQHandler)
    UsageFault_Handler                       0x08002095   Thumb Code     2  stm32f1xx_it.o(i.UsageFault_Handler)
    __0printf$8                              0x08002099   Thumb Code    22  printf8.o(i.__0printf$8)
    __1printf$8                              0x08002099   Thumb Code     0  printf8.o(i.__0printf$8)
    __2printf                                0x08002099   Thumb Code     0  printf8.o(i.__0printf$8)
    __0sprintf$8                             0x080020b9   Thumb Code    34  printf8.o(i.__0sprintf$8)
    __1sprintf$8                             0x080020b9   Thumb Code     0  printf8.o(i.__0sprintf$8)
    __2sprintf                               0x080020b9   Thumb Code     0  printf8.o(i.__0sprintf$8)
    __scatterload_copy                       0x08002101   Thumb Code    14  handlers.o(i.__scatterload_copy)
    __scatterload_null                       0x0800210f   Thumb Code     2  handlers.o(i.__scatterload_null)
    __scatterload_zeroinit                   0x08002111   Thumb Code    14  handlers.o(i.__scatterload_zeroinit)
    fputc                                    0x0800258d   Thumb Code    22  main.o(i.fputc)
    main                                     0x080025a9   Thumb Code  2192  main.o(i.main)
    readSector                               0x08002ecd   Thumb Code    22  tm_onewire.o(i.readSector)
    AHBPrescTable                            0x08002ee2   Data          16  system_stm32f1xx.o(.constdata)
    APBPrescTable                            0x08002ef2   Data           8  system_stm32f1xx.o(.constdata)
    Region$$Table$$Base                      0x08003270   Number         0  anon$$obj.o(Region$$Table)
    Region$$Table$$Limit                     0x08003290   Number         0  anon$$obj.o(Region$$Table)
    atcmdtable                               0x20000000   Data         180  atcommands.o(.data)
    mbuspac                                  0x200000b4   Data         208  modbusmaster.o(.data)
    flag_uart1_rx                            0x20000184   Data           1  main.o(.data)
    flag_uart2_rx                            0x20000185   Data           1  main.o(.data)
    flag_uart5_rx                            0x20000186   Data           1  main.o(.data)
    flag_uart4_rx                            0x20000187   Data           1  main.o(.data)
    flag_systick_01                          0x20000188   Data           1  main.o(.data)
    rx1buffindex                             0x20000189   Data           1  main.o(.data)
    rx5buffindex                             0x2000018a   Data           1  main.o(.data)
    rx4buffindex                             0x2000018b   Data           1  main.o(.data)
    rx2buffindex                             0x2000018c   Data           1  main.o(.data)
    flag_atcommand_responded                 0x2000018d   Data           1  main.o(.data)
    flag_ego                                 0x2000018e   Data           1  main.o(.data)
    Outback_PIN                              0x20000190   Data           2  main.o(.data)
    OutbackIdx                               0x20000192   Data           2  main.o(.data)
    uart1_drip_counter                       0x20000194   Data           4  main.o(.data)
    uart2_drip_counter                       0x20000198   Data           4  main.o(.data)
    uart4_drip_counter                       0x2000019c   Data           4  main.o(.data)
    uart5_drip_counter                       0x200001a0   Data           4  main.o(.data)
    systick_clock_01                         0x200001a4   Data           4  main.o(.data)
    mb_timeout_counter                       0x200001a8   Data           4  main.o(.data)
    mbus_cycle_count                         0x200001ac   Data           4  main.o(.data)
    at_timeout_counter                       0x200001b0   Data           4  main.o(.data)
    atcmd_idx                                0x200001b4   Data           4  main.o(.data)
    dccurrentob1                             0x200001b8   Data           4  main.o(.data)
    dckwhout1                                0x200001bc   Data           4  main.o(.data)
    dcinob1                                  0x200001c0   Data           4  main.o(.data)
    dcoutob1                                 0x200001c4   Data           4  main.o(.data)
    dccurrentob2                             0x200001c8   Data           4  main.o(.data)
    dckwhout2                                0x200001cc   Data           4  main.o(.data)
    dcinob2                                  0x200001d0   Data           4  main.o(.data)
    dcoutob2                                 0x200001d4   Data           4  main.o(.data)
    dccurrentob                              0x200001d8   Data           4  main.o(.data)
    dckwhout                                 0x200001dc   Data           4  main.o(.data)
    dcinob                                   0x200001e0   Data           4  main.o(.data)
    dcoutob                                  0x200001e4   Data           4  main.o(.data)
    ackwhsun                                 0x200001e8   Data           4  main.o(.data)
    inpower                                  0x200001ec   Data           4  main.o(.data)
    pv1volt                                  0x200001f0   Data           4  main.o(.data)
    pv2volt                                  0x200001f4   Data           4  main.o(.data)
    avolt                                    0x200001f8   Data           4  main.o(.data)
    bvolt                                    0x200001fc   Data           4  main.o(.data)
    cvolt                                    0x20000200   Data           4  main.o(.data)
    acur                                     0x20000204   Data           4  main.o(.data)
    bcur                                     0x20000208   Data           4  main.o(.data)
    ccur                                     0x2000020c   Data           4  main.o(.data)
    alarm1                                   0x20000210   Data           4  main.o(.data)
    alarm2                                   0x20000214   Data           4  main.o(.data)
    alarm3                                   0x20000218   Data           4  main.o(.data)
    Outback_Rx_watchdog_counter              0x2000021c   Data           4  main.o(.data)
    Outback_PORT                             0x20000220   Data           4  main.o(.data)
    flag_lock                                0x20000224   Data           4  main.o(.data)
    Retry_Timeout_Counter                    0x20000228   Data           4  main.o(.data)
    obcounter                                0x2000022c   Data           4  main.o(.data)
    mbus_index                               0x20000230   Data           4  main.o(.data)
    mbus_index02                             0x20000234   Data           4  main.o(.data)
    t2tick                                   0x20000238   Data           4  main.o(.data)
    time_list_idx                            0x2000023c   Data           4  main.o(.data)
    tidx                                     0x20000240   Data           4  main.o(.data)
    huart                                    0x20000244   Data           4  main.o(.data)
    time_list                                0x20000248   Data         684  main.o(.data)
    __stdout                                 0x200004f4   Data           4  main.o(.data)
    uwTickFreq                               0x200004f8   Data           1  stm32f1xx_hal.o(.data)
    uwTickPrio                               0x200004fc   Data           4  stm32f1xx_hal.o(.data)
    uwTick                                   0x20000500   Data           4  stm32f1xx_hal.o(.data)
    SystemCoreClock                          0x20000504   Data           4  system_stm32f1xx.o(.data)
    hadc1                                    0x20000508   Data          48  main.o(.bss)
    htim6                                    0x20000538   Data          64  main.o(.bss)
    huart4                                   0x20000578   Data          64  main.o(.bss)
    huart5                                   0x200005b8   Data          64  main.o(.bss)
    huart1                                   0x200005f8   Data          64  main.o(.bss)
    huart2                                   0x20000638   Data          64  main.o(.bss)
    flash                                    0x20000678   Data        2048  main.o(.bss)
    rx1buff                                  0x20000e78   Data          20  main.o(.bss)
    Rx1buff                                  0x20000e8c   Data         200  main.o(.bss)
    rx5buff                                  0x20000f54   Data          20  main.o(.bss)
    Rx5buff                                  0x20000f68   Data         200  main.o(.bss)
    rx4buff                                  0x20001030   Data          20  main.o(.bss)
    Rx4buff                                  0x20001044   Data         200  main.o(.bss)
    rx2buff                                  0x2000110c   Data          20  main.o(.bss)
    Rx2buff                                  0x20001120   Data         200  main.o(.bss)
    strSunspec                               0x200011e8   Data         400  main.o(.bss)
    strGet01                                 0x20001378   Data         500  main.o(.bss)
    IwdgHandle                               0x2000156c   Data          12  main.o(.bss)
    htim2                                    0x20001578   Data          64  main.o(.bss)
    __initial_sp                             0x200019b8   Data           0  startup_stm32f107xc.o(STACK)



==============================================================================

Memory Map of the image

  Image Entry point : 0x08000151

  Load Region LR_IROM1 (Base: 0x08000000, Size: 0x00003798, Max: 0x00040000, ABSOLUTE, COMPRESSED[0x000033d8])

    Execution Region ER_IROM1 (Base: 0x08000000, Size: 0x00003290, Max: 0x00040000, ABSOLUTE)

    Base Addr    Size         Type   Attr      Idx    E Section Name        Object

    0x08000000   0x00000150   Data   RO            3    RESET               startup_stm32f107xc.o
    0x08000150   0x00000000   Code   RO         3140  * .ARM.Collect$$$$00000000  mc_w.l(entry.o)
    0x08000150   0x00000004   Code   RO         3414    .ARM.Collect$$$$00000001  mc_w.l(entry2.o)
    0x08000154   0x00000004   Code   RO         3417    .ARM.Collect$$$$00000004  mc_w.l(entry5.o)
    0x08000158   0x00000000   Code   RO         3419    .ARM.Collect$$$$00000008  mc_w.l(entry7b.o)
    0x08000158   0x00000000   Code   RO         3421    .ARM.Collect$$$$0000000A  mc_w.l(entry8b.o)
    0x08000158   0x00000008   Code   RO         3422    .ARM.Collect$$$$0000000B  mc_w.l(entry9a.o)
    0x08000160   0x00000000   Code   RO         3424    .ARM.Collect$$$$0000000D  mc_w.l(entry10a.o)
    0x08000160   0x00000000   Code   RO         3426    .ARM.Collect$$$$0000000F  mc_w.l(entry11a.o)
    0x08000160   0x00000004   Code   RO         3415    .ARM.Collect$$$$00002712  mc_w.l(entry2.o)
    0x08000164   0x00000024   Code   RO            4    .text               startup_stm32f107xc.o
    0x08000188   0x00000062   Code   RO         3143    .text               mc_w.l(uldiv.o)
    0x080001ea   0x00000020   Code   RO         3145    .text               mc_w.l(llushr.o)
    0x0800020a   0x00000024   Code   RO         3147    .text               mc_w.l(memseta.o)
    0x0800022e   0x00000024   Code   RO         3149    .text               mc_w.l(strstr.o)
    0x08000252   0x0000000e   Code   RO         3151    .text               mc_w.l(strlen.o)
    0x08000260   0x0000001e   Code   RO         3430    .text               mc_w.l(llshl.o)
    0x0800027e   0x00000002   PAD
    0x08000280   0x00000024   Code   RO         3443    .text               mc_w.l(init.o)
    0x080002a4   0x00000056   Code   RO         3457    .text               mc_w.l(__dczerorl2.o)
    0x080002fa   0x00000002   PAD
    0x080002fc   0x0000004c   Code   RO          546    i.ADC_ConversionStop_Disable  stm32f1xx_hal_adc.o
    0x08000348   0x00000002   Code   RO          264    i.BusFault_Handler  stm32f1xx_it.o
    0x0800034a   0x00000002   Code   RO          265    i.DebugMon_Handler  stm32f1xx_it.o
    0x0800034c   0x000000fc   Code   RO          552    i.HAL_ADC_ConfigChannel  stm32f1xx_hal_adc.o
    0x08000448   0x0000011c   Code   RO          561    i.HAL_ADC_Init      stm32f1xx_hal_adc.o
    0x08000564   0x00000058   Code   RO          380    i.HAL_ADC_MspInit   stm32f1xx_hal_msp.o
    0x080005bc   0x00000130   Code   RO         1226    i.HAL_DMA_Abort_IT  stm32f1xx_hal_dma.o
    0x080006ec   0x00000024   Code   RO          829    i.HAL_Delay         stm32f1xx_hal.o
    0x08000710   0x000001e0   Code   RO         1161    i.HAL_GPIO_Init     stm32f1xx_hal_gpio.o
    0x080008f0   0x0000000e   Code   RO         1164    i.HAL_GPIO_TogglePin  stm32f1xx_hal_gpio.o
    0x080008fe   0x0000000a   Code   RO         1165    i.HAL_GPIO_WritePin  stm32f1xx_hal_gpio.o
    0x08000908   0x0000000c   Code   RO          833    i.HAL_GetTick       stm32f1xx_hal.o
    0x08000914   0x00000052   Code   RO         1821    i.HAL_IWDG_Init     stm32f1xx_hal_iwdg.o
    0x08000966   0x0000000c   Code   RO         1822    i.HAL_IWDG_Refresh  stm32f1xx_hal_iwdg.o
    0x08000972   0x00000002   PAD
    0x08000974   0x00000010   Code   RO          839    i.HAL_IncTick       stm32f1xx_hal.o
    0x08000984   0x00000024   Code   RO          840    i.HAL_Init          stm32f1xx_hal.o
    0x080009a8   0x00000040   Code   RO          841    i.HAL_InitTick      stm32f1xx_hal.o
    0x080009e8   0x0000003c   Code   RO          381    i.HAL_MspInit       stm32f1xx_hal_msp.o
    0x08000a24   0x0000001a   Code   RO         1321    i.HAL_NVIC_EnableIRQ  stm32f1xx_hal_cortex.o
    0x08000a3e   0x00000002   PAD
    0x08000a40   0x00000040   Code   RO         1327    i.HAL_NVIC_SetPriority  stm32f1xx_hal_cortex.o
    0x08000a80   0x00000024   Code   RO         1328    i.HAL_NVIC_SetPriorityGrouping  stm32f1xx_hal_cortex.o
    0x08000aa4   0x00000188   Code   RO         1104    i.HAL_RCCEx_PeriphCLKConfig  stm32f1xx_hal_rcc_ex.o
    0x08000c2c   0x0000012c   Code   RO          997    i.HAL_RCC_ClockConfig  stm32f1xx_hal_rcc.o
    0x08000d58   0x00000020   Code   RO         1004    i.HAL_RCC_GetPCLK1Freq  stm32f1xx_hal_rcc.o
    0x08000d78   0x00000020   Code   RO         1005    i.HAL_RCC_GetPCLK2Freq  stm32f1xx_hal_rcc.o
    0x08000d98   0x000000bc   Code   RO         1006    i.HAL_RCC_GetSysClockFreq  stm32f1xx_hal_rcc.o
    0x08000e54   0x000003e4   Code   RO         1009    i.HAL_RCC_OscConfig  stm32f1xx_hal_rcc.o
    0x08001238   0x00000084   Code   RO           69    i.HAL_SYSTICK_Callback  main.o
    0x080012bc   0x00000028   Code   RO         1332    i.HAL_SYSTICK_Config  stm32f1xx_hal_cortex.o
    0x080012e4   0x00000008   Code   RO         1333    i.HAL_SYSTICK_IRQHandler  stm32f1xx_hal_cortex.o
    0x080012ec   0x00000002   Code   RO         2528    i.HAL_TIMEx_BreakCallback  stm32f1xx_hal_tim_ex.o
    0x080012ee   0x00000002   Code   RO         2529    i.HAL_TIMEx_CommutCallback  stm32f1xx_hal_tim_ex.o
    0x080012f0   0x00000042   Code   RO         2546    i.HAL_TIMEx_MasterConfigSynchronization  stm32f1xx_hal_tim_ex.o
    0x08001332   0x00000036   Code   RO         1853    i.HAL_TIM_Base_Init  stm32f1xx_hal_tim.o
    0x08001368   0x00000060   Code   RO          383    i.HAL_TIM_Base_MspInit  stm32f1xx_hal_msp.o
    0x080013c8   0x00000022   Code   RO         1858    i.HAL_TIM_Base_Start_IT  stm32f1xx_hal_tim.o
    0x080013ea   0x00000002   Code   RO         1882    i.HAL_TIM_IC_CaptureCallback  stm32f1xx_hal_tim.o
    0x080013ec   0x00000166   Code   RO         1896    i.HAL_TIM_IRQHandler  stm32f1xx_hal_tim.o
    0x08001552   0x00000002   Code   RO         1899    i.HAL_TIM_OC_DelayElapsedCallback  stm32f1xx_hal_tim.o
    0x08001554   0x00000002   Code   RO         1926    i.HAL_TIM_PWM_PulseFinishedCallback  stm32f1xx_hal_tim.o
    0x08001556   0x00000002   PAD
    0x08001558   0x000000b4   Code   RO           70    i.HAL_TIM_PeriodElapsedCallback  main.o
    0x0800160c   0x00000002   Code   RO         1939    i.HAL_TIM_TriggerCallback  stm32f1xx_hal_tim.o
    0x0800160e   0x00000002   Code   RO         2800    i.HAL_UART_ErrorCallback  stm32f1xx_hal_uart.o
    0x08001610   0x00000110   Code   RO         2803    i.HAL_UART_IRQHandler  stm32f1xx_hal_uart.o
    0x08001720   0x00000062   Code   RO         2804    i.HAL_UART_Init     stm32f1xx_hal_uart.o
    0x08001782   0x00000002   PAD
    0x08001784   0x0000019c   Code   RO          385    i.HAL_UART_MspInit  stm32f1xx_hal_msp.o
    0x08001920   0x00000052   Code   RO         2809    i.HAL_UART_Receive_IT  stm32f1xx_hal_uart.o
    0x08001972   0x00000002   PAD
    0x08001974   0x00000118   Code   RO           71    i.HAL_UART_RxCpltCallback  main.o
    0x08001a8c   0x000000ba   Code   RO         2812    i.HAL_UART_Transmit  stm32f1xx_hal_uart.o
    0x08001b46   0x0000003e   Code   RO         2814    i.HAL_UART_Transmit_IT  stm32f1xx_hal_uart.o
    0x08001b84   0x00000002   Code   RO           72    i.HAL_UART_TxCpltCallback  main.o
    0x08001b86   0x00000002   Code   RO          266    i.HardFault_Handler  stm32f1xx_it.o
    0x08001b88   0x00000040   Code   RO           73    i.MX_ADC1_Init      main.o
    0x08001bc8   0x00000070   Code   RO           74    i.MX_GPIO_Init      main.o
    0x08001c38   0x00000002   Code   RO          267    i.MemManage_Handler  stm32f1xx_it.o
    0x08001c3a   0x00000002   Code   RO          268    i.NMI_Handler       stm32f1xx_it.o
    0x08001c3c   0x00000002   Code   RO          269    i.PendSV_Handler    stm32f1xx_it.o
    0x08001c3e   0x00000002   Code   RO          270    i.SVC_Handler       stm32f1xx_it.o
    0x08001c40   0x0000000e   Code   RO          271    i.SysTick_Handler   stm32f1xx_it.o
    0x08001c4e   0x00000002   PAD
    0x08001c50   0x00000074   Code   RO           75    i.SystemClock_Config  main.o
    0x08001cc4   0x00000054   Code   RO         3106    i.SystemInit        system_stm32f1xx.o
    0x08001d18   0x0000000c   Code   RO          272    i.TIM2_IRQHandler   stm32f1xx_it.o
    0x08001d24   0x0000000c   Code   RO          273    i.TIM6_IRQHandler   stm32f1xx_it.o
    0x08001d30   0x0000007c   Code   RO         1941    i.TIM_Base_SetConfig  stm32f1xx_hal_tim.o
    0x08001dac   0x0000000c   Code   RO          274    i.UART4_IRQHandler  stm32f1xx_it.o
    0x08001db8   0x0000000c   Code   RO          275    i.UART5_IRQHandler  stm32f1xx_it.o
    0x08001dc4   0x00000010   Code   RO         2817    i.UART_DMAAbortOnError  stm32f1xx_hal_uart.o
    0x08001dd4   0x0000001c   Code   RO         2827    i.UART_EndRxTransfer  stm32f1xx_hal_uart.o
    0x08001df0   0x00000096   Code   RO         2829    i.UART_Receive_IT   stm32f1xx_hal_uart.o
    0x08001e86   0x00000002   PAD
    0x08001e88   0x000000b8   Code   RO         2830    i.UART_SetConfig    stm32f1xx_hal_uart.o
    0x08001f40   0x00000062   Code   RO         2831    i.UART_Transmit_IT  stm32f1xx_hal_uart.o
    0x08001fa2   0x00000064   Code   RO         2832    i.UART_WaitOnFlagUntilTimeout  stm32f1xx_hal_uart.o
    0x08002006   0x00000002   PAD
    0x08002008   0x0000000c   Code   RO          276    i.USART1_IRQHandler  stm32f1xx_it.o
    0x08002014   0x0000000c   Code   RO          277    i.USART2_IRQHandler  stm32f1xx_it.o
    0x08002020   0x00000074   Code   RO           76    i.UX_GPIO_Init      main.o
    0x08002094   0x00000002   Code   RO          278    i.UsageFault_Handler  stm32f1xx_it.o
    0x08002096   0x00000002   PAD
    0x08002098   0x00000020   Code   RO         3360    i.__0printf$8       mc_w.l(printf8.o)
    0x080020b8   0x00000028   Code   RO         3362    i.__0sprintf$8      mc_w.l(printf8.o)
    0x080020e0   0x00000020   Code   RO         1334    i.__NVIC_SetPriority  stm32f1xx_hal_cortex.o
    0x08002100   0x0000000e   Code   RO         3451    i.__scatterload_copy  mc_w.l(handlers.o)
    0x0800210e   0x00000002   Code   RO         3452    i.__scatterload_null  mc_w.l(handlers.o)
    0x08002110   0x0000000e   Code   RO         3453    i.__scatterload_zeroinit  mc_w.l(handlers.o)
    0x0800211e   0x00000002   PAD
    0x08002120   0x00000410   Code   RO         3367    i._printf_core      mc_w.l(printf8.o)
    0x08002530   0x00000024   Code   RO         3368    i._printf_post_padding  mc_w.l(printf8.o)
    0x08002554   0x0000002e   Code   RO         3369    i._printf_pre_padding  mc_w.l(printf8.o)
    0x08002582   0x0000000a   Code   RO         3371    i._sputc            mc_w.l(printf8.o)
    0x0800258c   0x0000001c   Code   RO           77    i.fputc             main.o
    0x080025a8   0x00000924   Code   RO           78    i.main              main.o
    0x08002ecc   0x00000016   Code   RO          442    i.readSector        tm_onewire.o
    0x08002ee2   0x00000010   Data   RO         3107    .constdata          system_stm32f1xx.o
    0x08002ef2   0x00000008   Data   RO         3108    .constdata          system_stm32f1xx.o
    0x08002efa   0x00000002   PAD
    0x08002efc   0x00000109   Data   RO           40    .conststring        atcommands.o
    0x08003005   0x00000003   PAD
    0x08003008   0x00000267   Data   RO           82    .conststring        main.o
    0x0800326f   0x00000001   PAD
    0x08003270   0x00000020   Data   RO         3449    Region$$Table       anon$$obj.o


    Execution Region RW_IRAM1 (Base: 0x20000000, Size: 0x000019b8, Max: 0x00010000, ABSOLUTE, COMPRESSED[0x00000148])

    Base Addr    Size         Type   Attr      Idx    E Section Name        Object

    0x20000000   0x000000b4   Data   RW           41    .data               atcommands.o
    0x200000b4   0x000000d0   Data   RW           53    .data               modbusmaster.o
    0x20000184   0x00000370   Data   RW           83    .data               main.o
    0x200004f4   0x00000004   Data   RW           88    .data               main.o
    0x200004f8   0x0000000c   Data   RW          847    .data               stm32f1xx_hal.o
    0x20000504   0x00000004   Data   RW         3109    .data               system_stm32f1xx.o
    0x20000508   0x00001070   Zero   RW           79    .bss                main.o
    0x20001578   0x00000040   Zero   RW           81    .bss                main.o
    0x200015b8   0x00000400   Zero   RW            1    STACK               startup_stm32f107xc.o


==============================================================================

Image component sizes


      Code (inc. data)   RO Data    RW Data    ZI Data      Debug   Object Name

         0          0        265        180          0        877   atcommands.o
         0          0          0          0          0       1444   commandinterpreter.o
      3370        458        615        884       4272     660046   main.o
         0          0          0        208          0       1810   modbusmaster.o
        36          8        336          0       1024        764   startup_stm32f107xc.o
       164         28          0         12          0       6653   stm32f1xx_hal.o
       612         24          0          0          0       3112   stm32f1xx_hal_adc.o
       206         14          0          0          0      29124   stm32f1xx_hal_cortex.o
       304          8          0          0          0       1087   stm32f1xx_hal_dma.o
       504         34          0          0          0       3309   stm32f1xx_hal_gpio.o
        94          0          0          0          0       1575   stm32f1xx_hal_iwdg.o
       656         62          0          0          0       3010   stm32f1xx_hal_msp.o
      1548        112          0          0          0       5184   stm32f1xx_hal_rcc.o
       392         18          0          0          0       1468   stm32f1xx_hal_rcc_ex.o
       578         18          0          0          0       6029   stm32f1xx_hal_tim.o
        70          0          0          0          0       2197   stm32f1xx_hal_tim_ex.o
      1278         12          0          0          0       8880   stm32f1xx_hal_uart.o
       102         36          0          0          0       5804   stm32f1xx_it.o
        84         16         24          4          0       1047   system_stm32f1xx.o
        22          0          0          0          0       2156   tm_onewire.o

    ----------------------------------------------------------------------
     10038        848       1278       1288       5296     745576   Object Totals
         0          0         32          0          0          0   (incl. Generated)
        18          0          6          0          0          0   (incl. Padding)

    ----------------------------------------------------------------------

      Code (inc. data)   RO Data    RW Data    ZI Data      Debug   Library Member Name

        86          0          0          0          0          0   __dczerorl2.o
         0          0          0          0          0          0   entry.o
         0          0          0          0          0          0   entry10a.o
         0          0          0          0          0          0   entry11a.o
         8          4          0          0          0          0   entry2.o
         4          0          0          0          0          0   entry5.o
         0          0          0          0          0          0   entry7b.o
         0          0          0          0          0          0   entry8b.o
         8          4          0          0          0          0   entry9a.o
        30          0          0          0          0          0   handlers.o
        36          8          0          0          0         68   init.o
        30          0          0          0          0         68   llshl.o
        32          0          0          0          0         68   llushr.o
        36          0          0          0          0        108   memseta.o
      1204         60          0          0          0        504   printf8.o
        14          0          0          0          0         68   strlen.o
        36          0          0          0          0         80   strstr.o
        98          0          0          0          0         92   uldiv.o

    ----------------------------------------------------------------------
      1628         76          0          0          0       1056   Library Totals
         6          0          0          0          0          0   (incl. Padding)

    ----------------------------------------------------------------------

      Code (inc. data)   RO Data    RW Data    ZI Data      Debug   Library Name

      1622         76          0          0          0       1056   mc_w.l

    ----------------------------------------------------------------------
      1628         76          0          0          0       1056   Library Totals

    ----------------------------------------------------------------------

==============================================================================


      Code (inc. data)   RO Data    RW Data    ZI Data      Debug   

     11666        924       1278       1288       5296     742444   Grand Totals
     11666        924       1278        328       5296     742444   ELF Image Totals (compressed)
     11666        924       1278        328          0          0   ROM Totals

==============================================================================

    Total RO  Size (Code + RO Data)                12944 (  12.64kB)
    Total RW  Size (RW Data + ZI Data)              6584 (   6.43kB)
    Total ROM Size (Code + RO Data + RW Data)      13272 (  12.96kB)

==============================================================================

