<html>
<body>
<pre>
<h1>µVision Build Log</h1>
<h2>Tool Versions:</h2>
IDE-Version: µVision V5.16a
Copyright (C) 2015 ARM Ltd and ARM Germany GmbH. All rights reserved.
License Information: Jibon Haque, nervoustech, LIC=D0DUH-WBFF7-CJ76Z-JKER3-AYNSC-P2VJC
 
Tool Versions:
Toolchain:       MDK-ARM Standard  Version: 5.16a
Toolchain Path:  C:\Keil_v5\ARM\ARMCC_505u2\Bin
C Compiler:      Armcc.exe V5.05 update 2 (build 169)
Assembler:       Armasm.exe V5.05 update 2 (build 169)
Linker/Locator:  ArmLink.exe V5.05 update 2 (build 169)
Library Manager: ArmAr.exe V5.05 update 2 (build 169)
Hex Converter:   FromElf.exe V5.05 update 2 (build 169)
CPU DLL:         SARMCM3.DLL V5.16a
Dialog DLL:      DCM.DLL V1.13.2.0
Target DLL:      STLink\ST-LINKIII-KEIL_SWO.dll V2.0.17.0
Dialog DLL:      TCM.DLL V1.14.5.0
 
<h2>Project:</h2>
C:\ARM\Solar2\MDK-ARM\Solar2.uvprojx
Project File Date:  10/15/2020

<h2>Output:</h2>
*** Using Compiler 'V5.05 update 2 (build 169)', folder: 'C:\Keil_v5\ARM\ARMCC_505u2\Bin'
Build target 'Solar2'
compiling main.c...
../Inc/atcommands.h(11): warning:  #1295-D: Deprecated declaration atcommandSendList - give arg types
  void atcommandSendList();
../Src/tm_onewire.h(55): warning:  #1-D: last line of file ends without a newline
  #endif
../Src/main.c(245): warning:  #177-D: variable "padle" was declared but never referenced
  	char *padle;
../Src/main.c(246): warning:  #177-D: variable "needle" was declared but never referenced
  	char *needle;
../Src/main.c(247): warning:  #177-D: variable "lidx01" was declared but never referenced
  	int lidx01 = 0;
../Src/main.c(250): warning:  #177-D: variable "ip_1" was declared but never referenced
  	char ip_1[10];
../Src/main.c(256): warning:  #177-D: variable "ipaddr" was declared but never referenced
  	char ipaddr[100];
../Src/main.c(1158): warning:  #177-D: function "MX_TIM2_Init" was declared but never referenced
  static void MX_TIM2_Init(void)
../Src/main.c(1130): warning:  #177-D: function "MX_IWDG_Init" was declared but never referenced
  static void MX_IWDG_Init(void)
../Src/main.c: 9 warnings, 0 errors
linking...
Program Size: Code=13064 RO-data=1232 RW-data=3164 ZI-data=3252  
FromELF: creating hex file...
"Solar2\Solar2.axf" - 0 Error(s), 9 Warning(s).

<h2>Software Packages used:</h2>

Package Vendor: ARM
                http://www.keil.com/pack/ARM.CMSIS.5.6.0.pack
                ARM::CMSIS:CORE:5.3.0
                CMSIS (Cortex Microcontroller Software Interface Standard)
   * Component: CORE Version: 5.3.0

<h2>Collection of Component include folders:</h2>
  C:\ARM\Solar2\MDK-ARM\RTE
  C:\Keil_v5\ARM\PACK\ARM\CMSIS\5.6.0\CMSIS\Core\Include
  C:\Keil_v5\ARM\PACK\Keil\STM32F1xx_DFP\2.3.0\Device\Include

<h2>Collection of Component Files used:</h2>

   * Component: ARM::CMSIS:CORE:5.3.0
Build Time Elapsed:  00:00:07
</pre>
</body>
</html>
